Component: ARM Compiler 5.06 update 5 (build 528) Tool: armlink [4d35e2]

==============================================================================

Section Cross References

    startup_stm32f407xx.o(RESET) refers to startup_stm32f407xx.o(STACK) for __initial_sp
    startup_stm32f407xx.o(RESET) refers to startup_stm32f407xx.o(.text) for Reset_Handler
    startup_stm32f407xx.o(RESET) refers to stm32f4xx_it.o(i.NMI_Handler) for NMI_Handler
    startup_stm32f407xx.o(RESET) refers to stm32f4xx_it.o(i.HardFault_Handler) for HardFault_Handler
    startup_stm32f407xx.o(RESET) refers to stm32f4xx_it.o(i.MemManage_Handler) for MemManage_Handler
    startup_stm32f407xx.o(RESET) refers to stm32f4xx_it.o(i.BusFault_Handler) for BusFault_Handler
    startup_stm32f407xx.o(RESET) refers to stm32f4xx_it.o(i.UsageFault_Handler) for UsageFault_Handler
    startup_stm32f407xx.o(RESET) refers to stm32f4xx_it.o(i.SVC_Handler) for SVC_Handler
    startup_stm32f407xx.o(RESET) refers to stm32f4xx_it.o(i.DebugMon_Handler) for DebugMon_Handler
    startup_stm32f407xx.o(RESET) refers to stm32f4xx_it.o(i.PendSV_Handler) for PendSV_Handler
    startup_stm32f407xx.o(RESET) refers to stm32f4xx_it.o(i.SysTick_Handler) for SysTick_Handler
    startup_stm32f407xx.o(RESET) refers to stm32f4xx_it.o(i.DMA2_Stream0_IRQHandler) for DMA2_Stream0_IRQHandler
    startup_stm32f407xx.o(RESET) refers to stm32f4xx_it.o(i.OTG_FS_IRQHandler) for OTG_FS_IRQHandler
    startup_stm32f407xx.o(.text) refers to system_stm32f4xx.o(i.SystemInit) for SystemInit
    startup_stm32f407xx.o(.text) refers to entry.o(.ARM.Collect$$$$00000000) for __main
    stm32f4xx_ll_utils.o(i.LL_PLL_ConfigSystemClock_HSE) refers to stm32f4xx_ll_utils.o(i.UTILS_PLL_IsBusy) for UTILS_PLL_IsBusy
    stm32f4xx_ll_utils.o(i.LL_PLL_ConfigSystemClock_HSE) refers to stm32f4xx_ll_utils.o(i.UTILS_GetPLLOutputFrequency) for UTILS_GetPLLOutputFrequency
    stm32f4xx_ll_utils.o(i.LL_PLL_ConfigSystemClock_HSE) refers to stm32f4xx_ll_utils.o(i.LL_RCC_PLL_ConfigDomain_SYS) for LL_RCC_PLL_ConfigDomain_SYS
    stm32f4xx_ll_utils.o(i.LL_PLL_ConfigSystemClock_HSE) refers to stm32f4xx_ll_utils.o(i.UTILS_EnablePLLAndSwitchSystem) for UTILS_EnablePLLAndSwitchSystem
    stm32f4xx_ll_utils.o(i.LL_PLL_ConfigSystemClock_HSI) refers to stm32f4xx_ll_utils.o(i.UTILS_PLL_IsBusy) for UTILS_PLL_IsBusy
    stm32f4xx_ll_utils.o(i.LL_PLL_ConfigSystemClock_HSI) refers to stm32f4xx_ll_utils.o(i.UTILS_GetPLLOutputFrequency) for UTILS_GetPLLOutputFrequency
    stm32f4xx_ll_utils.o(i.LL_PLL_ConfigSystemClock_HSI) refers to stm32f4xx_ll_utils.o(i.LL_RCC_PLL_ConfigDomain_SYS) for LL_RCC_PLL_ConfigDomain_SYS
    stm32f4xx_ll_utils.o(i.LL_PLL_ConfigSystemClock_HSI) refers to stm32f4xx_ll_utils.o(i.UTILS_EnablePLLAndSwitchSystem) for UTILS_EnablePLLAndSwitchSystem
    stm32f4xx_ll_utils.o(i.LL_SetSystemCoreClock) refers to system_stm32f4xx.o(.data) for SystemCoreClock
    stm32f4xx_ll_utils.o(i.UTILS_EnablePLLAndSwitchSystem) refers to stm32f4xx_ll_utils.o(i.UTILS_SetFlashLatency) for UTILS_SetFlashLatency
    stm32f4xx_ll_utils.o(i.UTILS_EnablePLLAndSwitchSystem) refers to system_stm32f4xx.o(.constdata) for AHBPrescTable
    stm32f4xx_ll_utils.o(i.UTILS_EnablePLLAndSwitchSystem) refers to system_stm32f4xx.o(.data) for SystemCoreClock
    stm32f4xx_ll_dma.o(i.LL_DMA_DeInit) refers to stm32f4xx_ll_dma.o(i.LL_DMA_SetChannelSelection) for LL_DMA_SetChannelSelection
    stm32f4xx_ll_dma.o(i.LL_DMA_DeInit) refers to stm32f4xx_ll_dma.o(.constdata) for .constdata
    stm32f4xx_ll_dma.o(i.LL_DMA_Init) refers to stm32f4xx_ll_dma.o(i.LL_DMA_SetChannelSelection) for LL_DMA_SetChannelSelection
    stm32f4xx_ll_dma.o(i.LL_DMA_Init) refers to stm32f4xx_ll_dma.o(.constdata) for .constdata
    stm32f4xx_ll_dma.o(i.LL_DMA_SetChannelSelection) refers to stm32f4xx_ll_dma.o(.constdata) for .constdata
    stm32f4xx_ll_rcc.o(i.LL_RCC_DeInit) refers to stm32f4xx_ll_rcc.o(i.LL_RCC_PLL_IsReady) for LL_RCC_PLL_IsReady
    stm32f4xx_ll_rcc.o(i.LL_RCC_GetI2SClockFreq) refers to stm32f4xx_ll_rcc.o(i.RCC_PLLI2S_GetFreqDomain_I2S) for RCC_PLLI2S_GetFreqDomain_I2S
    stm32f4xx_ll_rcc.o(i.LL_RCC_GetRNGClockFreq) refers to stm32f4xx_ll_rcc.o(i.LL_RCC_PLL_IsReady) for LL_RCC_PLL_IsReady
    stm32f4xx_ll_rcc.o(i.LL_RCC_GetRNGClockFreq) refers to stm32f4xx_ll_rcc.o(i.RCC_PLL_GetFreqDomain_48M) for RCC_PLL_GetFreqDomain_48M
    stm32f4xx_ll_rcc.o(i.LL_RCC_GetSDIOClockFreq) refers to stm32f4xx_ll_rcc.o(i.LL_RCC_PLL_IsReady) for LL_RCC_PLL_IsReady
    stm32f4xx_ll_rcc.o(i.LL_RCC_GetSDIOClockFreq) refers to stm32f4xx_ll_rcc.o(i.RCC_PLL_GetFreqDomain_48M) for RCC_PLL_GetFreqDomain_48M
    stm32f4xx_ll_rcc.o(i.LL_RCC_GetSystemClocksFreq) refers to stm32f4xx_ll_rcc.o(i.RCC_GetSystemClockFreq) for RCC_GetSystemClockFreq
    stm32f4xx_ll_rcc.o(i.LL_RCC_GetSystemClocksFreq) refers to stm32f4xx_ll_rcc.o(i.RCC_GetHCLKClockFreq) for RCC_GetHCLKClockFreq
[...]
    ..\Drivers\STM32F4xx_HAL_Driver\Src\stm32f4xx_hal_pcd.c 0x00000000   Number         0  stm32f4xx_hal_pcd.o ABSOLUTE
    ..\Drivers\STM32F4xx_HAL_Driver\Src\stm32f4xx_hal_pcd_ex.c 0x00000000   Number         0  stm32f4xx_hal_pcd_ex.o ABSOLUTE
    ..\Drivers\STM32F4xx_HAL_Driver\Src\stm32f4xx_hal_pwr.c 0x00000000   Number         0  stm32f4xx_hal_pwr.o ABSOLUTE
    ..\Drivers\STM32F4xx_HAL_Driver\Src\stm32f4xx_hal_pwr_ex.c 0x00000000   Number         0  stm32f4xx_hal_pwr_ex.o ABSOLUTE
    ..\Drivers\STM32F4xx_HAL_Driver\Src\stm32f4xx_hal_rcc.c 0x00000000   Number         0  stm32f4xx_hal_rcc.o ABSOLUTE
    ..\Drivers\STM32F4xx_HAL_Driver\Src\stm32f4xx_hal_rcc_ex.c 0x00000000   Number         0  stm32f4xx_hal_rcc_ex.o ABSOLUTE
    ..\Drivers\STM32F4xx_HAL_Driver\Src\stm32f4xx_hal_tim.c 0x00000000   Number         0  stm32f4xx_hal_tim.o ABSOLUTE
    ..\Drivers\STM32F4xx_HAL_Driver\Src\stm32f4xx_hal_tim_ex.c 0x00000000   Number         0  stm32f4xx_hal_tim_ex.o ABSOLUTE
    ..\Drivers\STM32F4xx_HAL_Driver\Src\stm32f4xx_ll_adc.c 0x00000000   Number         0  stm32f4xx_ll_adc.o ABSOLUTE
    ..\Drivers\STM32F4xx_HAL_Driver\Src\stm32f4xx_ll_dac.c 0x00000000   Number         0  stm32f4xx_ll_dac.o ABSOLUTE
    ..\Drivers\STM32F4xx_HAL_Driver\Src\stm32f4xx_ll_dma.c 0x00000000   Number         0  stm32f4xx_ll_dma.o ABSOLUTE
    ..\Drivers\STM32F4xx_HAL_Driver\Src\stm32f4xx_ll_exti.c 0x00000000   Number         0  stm32f4xx_ll_exti.o ABSOLUTE
    ..\Drivers\STM32F4xx_HAL_Driver\Src\stm32f4xx_ll_gpio.c 0x00000000   Number         0  stm32f4xx_ll_gpio.o ABSOLUTE
    ..\Drivers\STM32F4xx_HAL_Driver\Src\stm32f4xx_ll_rcc.c 0x00000000   Number         0  stm32f4xx_ll_rcc.o ABSOLUTE
    ..\Drivers\STM32F4xx_HAL_Driver\Src\stm32f4xx_ll_usb.c 0x00000000   Number         0  stm32f4xx_ll_usb.o ABSOLUTE
    ..\Drivers\STM32F4xx_HAL_Driver\Src\stm32f4xx_ll_utils.c 0x00000000   Number         0  stm32f4xx_ll_utils.o ABSOLUTE
    ..\Middlewares\ST\STM32_USB_Device_Library\Class\CDC\Src\usbd_cdc.c 0x00000000   Number         0  usbd_cdc.o ABSOLUTE
    ..\Middlewares\ST\STM32_USB_Device_Library\Core\Src\usbd_core.c 0x00000000   Number         0  usbd_core.o ABSOLUTE
    ..\Middlewares\ST\STM32_USB_Device_Library\Core\Src\usbd_ctlreq.c 0x00000000   Number         0  usbd_ctlreq.o ABSOLUTE
    ..\Middlewares\ST\STM32_USB_Device_Library\Core\Src\usbd_ioreq.c 0x00000000   Number         0  usbd_ioreq.o ABSOLUTE
    ..\Src\main.c                            0x00000000   Number         0  main.o ABSOLUTE
    ..\Src\stm32f4xx_hal_msp.c               0x00000000   Number         0  stm32f4xx_hal_msp.o ABSOLUTE
    ..\Src\stm32f4xx_it.c                    0x00000000   Number         0  stm32f4xx_it.o ABSOLUTE
    ..\Src\usb_device.c                      0x00000000   Number         0  usb_device.o ABSOLUTE
    ..\Src\usbd_cdc_if.c                     0x00000000   Number         0  usbd_cdc_if.o ABSOLUTE
    ..\Src\usbd_conf.c                       0x00000000   Number         0  usbd_conf.o ABSOLUTE
    ..\Src\usbd_desc.c                       0x00000000   Number         0  usbd_desc.o ABSOLUTE
    ..\\Src\system_stm32f4xx.c               0x00000000   Number         0  system_stm32f4xx.o ABSOLUTE
    cdrcmple.s                               0x00000000   Number         0  cdrcmple.o ABSOLUTE
    dc.s                                     0x00000000   Number         0  dc.o ABSOLUTE
    handlers.s                               0x00000000   Number         0  handlers.o ABSOLUTE
    init.s                                   0x00000000   Number         0  init.o ABSOLUTE
    startup_stm32f407xx.s                    0x00000000   Number         0  startup_stm32f407xx.o ABSOLUTE
    RESET                                    0x08000000   Section      392  startup_stm32f407xx.o(RESET)
    .ARM.Collect$$$$00000000                 0x08000188   Section        0  entry.o(.ARM.Collect$$$$00000000)
    .ARM.Collect$$$$00000001                 0x08000188   Section        4  entry2.o(.ARM.Collect$$$$00000001)
    .ARM.Collect$$$$00000004                 0x0800018c   Section        4  entry5.o(.ARM.Collect$$$$00000004)
    .ARM.Collect$$$$00000008                 0x08000190   Section        0  entry7b.o(.ARM.Collect$$$$00000008)
    .ARM.Collect$$$$0000000A                 0x08000190   Section        0  entry8b.o(.ARM.Collect$$$$0000000A)
    .ARM.Collect$$$$0000000B                 0x08000190   Section        8  entry9a.o(.ARM.Collect$$$$0000000B)
    .ARM.Collect$$$$0000000D                 0x08000198   Section        0  entry10a.o(.ARM.Collect$$$$0000000D)
    .ARM.Collect$$$$0000000F                 0x08000198   Section        0  entry11a.o(.ARM.Collect$$$$0000000F)
    .ARM.Collect$$$$00002712                 0x08000198   Section        4  entry2.o(.ARM.Collect$$$$00002712)
    __lit__00000000                          0x08000198   Data           4  entry2.o(.ARM.Collect$$$$00002712)
    .text                                    0x0800019c   Section       36  startup_stm32f407xx.o(.text)
    $v0                                      0x0800019c   Number         0  startup_stm32f407xx.o(.text)
    .text                                    0x080001c0   Section        0  memcpya.o(.text)
    .text                                    0x080001e4   Section        0  uidiv.o(.text)
    .text                                    0x08000210   Section       36  init.o(.text)
    .text                                    0x08000234   Section        0  __dczerorl2.o(.text)
    i.Activate_ADC                           0x0800028c   Section        0  main.o(i.Activate_ADC)
    i.Activate_DAC                           0x08000300   Section        0  main.o(i.Activate_DAC)
    i.BusFault_Handler                       0x08000310   Section        0  stm32f4xx_it.o(i.BusFault_Handler)
    i.CDC_Control_FS                         0x08000312   Section        0  usbd_cdc_if.o(i.CDC_Control_FS)
    CDC_Control_FS                           0x08000313   Thumb Code     4  usbd_cdc_if.o(i.CDC_Control_FS)
    i.CDC_DeInit_FS                          0x08000316   Section        0  usbd_cdc_if.o(i.CDC_DeInit_FS)
    CDC_DeInit_FS                            0x08000317   Thumb Code     4  usbd_cdc_if.o(i.CDC_DeInit_FS)
    i.CDC_Init_FS                            0x0800031c   Section        0  usbd_cdc_if.o(i.CDC_Init_FS)
    CDC_Init_FS                              0x0800031d   Thumb Code    24  usbd_cdc_if.o(i.CDC_Init_FS)
    i.CDC_Receive_FS                         0x08000340   Section        0  usbd_cdc_if.o(i.CDC_Receive_FS)
    CDC_Receive_FS                           0x08000341   Thumb Code    20  usbd_cdc_if.o(i.CDC_Receive_FS)
    i.CDC_Transmit_FS                        0x08000358   Section        0  usbd_cdc_if.o(i.CDC_Transmit_FS)
    i.ConversionStart_ADC                    0x08000384   Section        0  main.o(i.ConversionStart_ADC)
    i.DMA2_Stream0_IRQHandler                0x08000394   Section        0  stm32f4xx_it.o(i.DMA2_Stream0_IRQHandler)
    i.DebugMon_Handler                       0x08000396   Section        0  stm32f4xx_it.o(i.DebugMon_Handler)
    i.HAL_Delay                              0x08000398   Section        0  stm32f4xx_hal.o(i.HAL_Delay)
    i.HAL_GPIO_Init                          0x080003bc   Section        0  stm32f4xx_hal_gpio.o(i.HAL_GPIO_Init)
    i.HAL_GetTick                            0x0800057c   Section        0  stm32f4xx_hal.o(i.HAL_GetTick)
    i.HAL_IncTick                            0x08000588   Section        0  stm32f4xx_hal.o(i.HAL_IncTick)
    i.HAL_Init                               0x08000598   Section        0  stm32f4xx_hal.o(i.HAL_Init)
    i.HAL_InitTick                           0x080005cc   Section        0  stm32f4xx_hal.o(i.HAL_InitTick)
    i.HAL_MspInit                            0x0800060c   Section        0  stm32f4xx_hal_msp.o(i.HAL_MspInit)
    i.HAL_NVIC_EnableIRQ                     0x08000664   Section        0  stm32f4xx_hal_cortex.o(i.HAL_NVIC_EnableIRQ)
    i.HAL_NVIC_SetPriority                   0x0800067c   Section        0  stm32f4xx_hal_cortex.o(i.HAL_NVIC_SetPriority)
    i.HAL_NVIC_SetPriorityGrouping           0x080006bc   Section        0  stm32f4xx_hal_cortex.o(i.HAL_NVIC_SetPriorityGrouping)
    i.HAL_PCDEx_SetRxFiFo                    0x080006e0   Section        0  stm32f4xx_hal_pcd_ex.o(i.HAL_PCDEx_SetRxFiFo)
    i.HAL_PCDEx_SetTxFiFo                    0x080006e8   Section        0  stm32f4xx_hal_pcd_ex.o(i.HAL_PCDEx_SetTxFiFo)
    i.HAL_PCD_ConnectCallback                0x0800072c   Section        0  usbd_conf.o(i.HAL_PCD_ConnectCallback)
    i.HAL_PCD_DataInStageCallback            0x08000734   Section        0  usbd_conf.o(i.HAL_PCD_DataInStageCallback)
    i.HAL_PCD_DataOutStageCallback           0x08000746   Section        0  usbd_conf.o(i.HAL_PCD_DataOutStageCallback)
    i.HAL_PCD_DisconnectCallback             0x0800075a   Section        0  usbd_conf.o(i.HAL_PCD_DisconnectCallback)
    i.HAL_PCD_EP_Close                       0x08000762   Section        0  stm32f4xx_hal_pcd.o(i.HAL_PCD_EP_Close)
    i.HAL_PCD_EP_ClrStall                    0x080007a6   Section        0  stm32f4xx_hal_pcd.o(i.HAL_PCD_EP_ClrStall)
    i.HAL_PCD_EP_GetRxCount                  0x080007f6   Section        0  stm32f4xx_hal_pcd.o(i.HAL_PCD_EP_GetRxCount)
    i.HAL_PCD_EP_Open                        0x0800080a   Section        0  stm32f4xx_hal_pcd.o(i.HAL_PCD_EP_Open)
    i.HAL_PCD_EP_Receive                     0x0800085e   Section        0  stm32f4xx_hal_pcd.o(i.HAL_PCD_EP_Receive)
    i.HAL_PCD_EP_SetStall                    0x080008a6   Section        0  stm32f4xx_hal_pcd.o(i.HAL_PCD_EP_SetStall)
    i.HAL_PCD_EP_Transmit                    0x08000906   Section        0  stm32f4xx_hal_pcd.o(i.HAL_PCD_EP_Transmit)
    i.HAL_PCD_IRQHandler                     0x08000948   Section        0  stm32f4xx_hal_pcd.o(i.HAL_PCD_IRQHandler)
    i.HAL_PCD_ISOINIncompleteCallback        0x08000e30   Section        0  usbd_conf.o(i.HAL_PCD_ISOINIncompleteCallback)
    i.HAL_PCD_ISOOUTIncompleteCallback       0x08000e38   Section        0  usbd_conf.o(i.HAL_PCD_ISOOUTIncompleteCallback)
    i.HAL_PCD_Init                           0x08000e40   Section        0  stm32f4xx_hal_pcd.o(i.HAL_PCD_Init)
    i.HAL_PCD_MspInit                        0x08000efc   Section        0  usbd_conf.o(i.HAL_PCD_MspInit)
    i.HAL_PCD_ResetCallback                  0x08000f60   Section        0  usbd_conf.o(i.HAL_PCD_ResetCallback)
    i.HAL_PCD_ResumeCallback                 0x08000f80   Section        0  usbd_conf.o(i.HAL_PCD_ResumeCallback)
    i.HAL_PCD_SOFCallback                    0x08000f88   Section        0  usbd_conf.o(i.HAL_PCD_SOFCallback)
    i.HAL_PCD_SetAddress                     0x08000f90   Section        0  stm32f4xx_hal_pcd.o(i.HAL_PCD_SetAddress)
    i.HAL_PCD_SetupStageCallback             0x08000fb4   Section        0  usbd_conf.o(i.HAL_PCD_SetupStageCallback)
    i.HAL_PCD_Start                          0x08000fc2   Section        0  stm32f4xx_hal_pcd.o(i.HAL_PCD_Start)
    i.HAL_PCD_SuspendCallback                0x08000fec   Section        0  usbd_conf.o(i.HAL_PCD_SuspendCallback)
    i.HAL_RCC_GetHCLKFreq                    0x0800101c   Section        0  stm32f4xx_hal_rcc.o(i.HAL_RCC_GetHCLKFreq)
    i.HAL_SYSTICK_Callback                   0x08001028   Section        0  main.o(i.HAL_SYSTICK_Callback)
    i.HAL_SYSTICK_Config                     0x08001038   Section        0  stm32f4xx_hal_cortex.o(i.HAL_SYSTICK_Config)
    i.HAL_SYSTICK_IRQHandler                 0x08001060   Section        0  stm32f4xx_hal_cortex.o(i.HAL_SYSTICK_IRQHandler)
    i.HardFault_Handler                      0x08001068   Section        0  stm32f4xx_it.o(i.HardFault_Handler)
    i.LL_ADC_CommonInit                      0x0800106c   Section        0  stm32f4xx_ll_adc.o(i.LL_ADC_CommonInit)
    i.LL_ADC_Init                            0x080010cc   Section        0  stm32f4xx_ll_adc.o(i.LL_ADC_Init)
    i.LL_ADC_REG_Init                        0x08001100   Section        0  stm32f4xx_ll_adc.o(i.LL_ADC_REG_Init)
    i.LL_AHB1_GRP1_EnableClock               0x08001158   Section        0  main.o(i.LL_AHB1_GRP1_EnableClock)
    LL_AHB1_GRP1_EnableClock                 0x08001159   Thumb Code    18  main.o(i.LL_AHB1_GRP1_EnableClock)
    i.LL_DAC_Init                            0x08001170   Section        0  stm32f4xx_ll_dac.o(i.LL_DAC_Init)
    i.LL_GPIO_Init                           0x080011c0   Section        0  stm32f4xx_ll_gpio.o(i.LL_GPIO_Init)
    i.LL_Init1msTick                         0x080012da   Section        0  stm32f4xx_ll_utils.o(i.LL_Init1msTick)
    i.LL_SetSystemCoreClock                  0x080012f4   Section        0  stm32f4xx_ll_utils.o(i.LL_SetSystemCoreClock)
    i.MX_ADC1_Init                           0x08001300   Section        0  main.o(i.MX_ADC1_Init)
    MX_ADC1_Init                             0x08001301   Thumb Code   330  main.o(i.MX_ADC1_Init)
    i.MX_USB_DEVICE_Init                     0x08001464   Section        0  usb_device.o(i.MX_USB_DEVICE_Init)
    i.MemManage_Handler                      0x0800149c   Section        0  stm32f4xx_it.o(i.MemManage_Handler)
    i.NMI_Handler                            0x0800149e   Section        0  stm32f4xx_it.o(i.NMI_Handler)
    i.NVIC_EncodePriority                    0x080014a0   Section        0  main.o(i.NVIC_EncodePriority)
    NVIC_EncodePriority                      0x080014a1   Thumb Code    50  main.o(i.NVIC_EncodePriority)
    i.NVIC_SetPriority                       0x080014d2   Section        0  stm32f4xx_hal_cortex.o(i.NVIC_SetPriority)
    NVIC_SetPriority                         0x080014d3   Thumb Code    32  stm32f4xx_hal_cortex.o(i.NVIC_SetPriority)
    i.NVIC_SetPriority                       0x080014f2   Section        0  main.o(i.NVIC_SetPriority)
    NVIC_SetPriority                         0x080014f3   Thumb Code    32  main.o(i.NVIC_SetPriority)
    i.OTG_FS_IRQHandler                      0x08001514   Section        0  stm32f4xx_it.o(i.OTG_FS_IRQHandler)
    i.PCD_WriteEmptyTxFifo                   0x08001520   Section        0  stm32f4xx_hal_pcd.o(i.PCD_WriteEmptyTxFifo)
    PCD_WriteEmptyTxFifo                     0x08001521   Thumb Code   134  stm32f4xx_hal_pcd.o(i.PCD_WriteEmptyTxFifo)
    i.PendSV_Handler                         0x080015a6   Section        0  stm32f4xx_it.o(i.PendSV_Handler)
    i.SVC_Handler                            0x080015a8   Section        0  stm32f4xx_it.o(i.SVC_Handler)
    i.SysTick_Handler                        0x080015aa   Section        0  stm32f4xx_it.o(i.SysTick_Handler)
    i.SystemClock_Config                     0x080015b8   Section        0  main.o(i.SystemClock_Config)
    i.SystemInit                             0x080016c0   Section        0  system_stm32f4xx.o(i.SystemInit)
    i.USBD_CDC_DataIn                        0x08001714   Section        0  usbd_cdc.o(i.USBD_CDC_DataIn)
    USBD_CDC_DataIn                          0x08001715   Thumb Code    20  usbd_cdc.o(i.USBD_CDC_DataIn)
    i.USBD_CDC_DataOut                       0x08001728   Section        0  usbd_cdc.o(i.USBD_CDC_DataOut)
    USBD_CDC_DataOut                         0x08001729   Thumb Code    46  usbd_cdc.o(i.USBD_CDC_DataOut)
    i.USBD_CDC_DeInit                        0x08001756   Section        0  usbd_cdc.o(i.USBD_CDC_DeInit)
    USBD_CDC_DeInit                          0x08001757   Thumb Code    60  usbd_cdc.o(i.USBD_CDC_DeInit)
    i.USBD_CDC_EP0_RxReady                   0x08001792   Section        0  usbd_cdc.o(i.USBD_CDC_EP0_RxReady)
    USBD_CDC_EP0_RxReady                     0x08001793   Thumb Code    36  usbd_cdc.o(i.USBD_CDC_EP0_RxReady)
    i.USBD_CDC_GetDeviceQualifierDescriptor  0x080017b8   Section        0  usbd_cdc.o(i.USBD_CDC_GetDeviceQualifierDescriptor)
    i.USBD_CDC_GetFSCfgDesc                  0x080017c4   Section        0  usbd_cdc.o(i.USBD_CDC_GetFSCfgDesc)
    USBD_CDC_GetFSCfgDesc                    0x080017c5   Thumb Code     8  usbd_cdc.o(i.USBD_CDC_GetFSCfgDesc)
    i.USBD_CDC_GetHSCfgDesc                  0x080017d0   Section        0  usbd_cdc.o(i.USBD_CDC_GetHSCfgDesc)
    USBD_CDC_GetHSCfgDesc                    0x080017d1   Thumb Code     8  usbd_cdc.o(i.USBD_CDC_GetHSCfgDesc)
    i.USBD_CDC_GetOtherSpeedCfgDesc          0x080017dc   Section        0  usbd_cdc.o(i.USBD_CDC_GetOtherSpeedCfgDesc)
    USBD_CDC_GetOtherSpeedCfgDesc            0x080017dd   Thumb Code     8  usbd_cdc.o(i.USBD_CDC_GetOtherSpeedCfgDesc)
    i.USBD_CDC_Init                          0x080017e8   Section        0  usbd_cdc.o(i.USBD_CDC_Init)
    USBD_CDC_Init                            0x080017e9   Thumb Code   136  usbd_cdc.o(i.USBD_CDC_Init)
    i.USBD_CDC_ReceivePacket                 0x08001870   Section        0  usbd_cdc.o(i.USBD_CDC_ReceivePacket)
    i.USBD_CDC_RegisterInterface             0x08001898   Section        0  usbd_cdc.o(i.USBD_CDC_RegisterInterface)
    i.USBD_CDC_SetRxBuffer                   0x080018a8   Section        0  usbd_cdc.o(i.USBD_CDC_SetRxBuffer)
    i.USBD_CDC_SetTxBuffer                   0x080018b4   Section        0  usbd_cdc.o(i.USBD_CDC_SetTxBuffer)
    i.USBD_CDC_Setup                         0x080018c4   Section        0  usbd_cdc.o(i.USBD_CDC_Setup)
    USBD_CDC_Setup                           0x080018c5   Thumb Code   106  usbd_cdc.o(i.USBD_CDC_Setup)
    i.USBD_CDC_TransmitPacket                0x08001934   Section        0  usbd_cdc.o(i.USBD_CDC_TransmitPacket)
    i.USBD_ClrClassConfig                    0x08001964   Section        0  usbd_core.o(i.USBD_ClrClassConfig)
    i.USBD_CtlContinueRx                     0x08001972   Section        0  usbd_ioreq.o(i.USBD_CtlContinueRx)
    i.USBD_CtlContinueSendData               0x08001982   Section        0  usbd_ioreq.o(i.USBD_CtlContinueSendData)
    i.USBD_CtlError                          0x08001992   Section        0  usbd_ctlreq.o(i.USBD_CtlError)
    i.USBD_CtlPrepareRx                      0x080019a8   Section        0  usbd_ioreq.o(i.USBD_CtlPrepareRx)
    i.USBD_CtlReceiveStatus                  0x080019c6   Section        0  usbd_ioreq.o(i.USBD_CtlReceiveStatus)
    i.USBD_CtlSendData                       0x080019dc   Section        0  usbd_ioreq.o(i.USBD_CtlSendData)
    i.USBD_CtlSendStatus                     0x080019f6   Section        0  usbd_ioreq.o(i.USBD_CtlSendStatus)
    i.USBD_FS_ConfigStrDescriptor            0x08001a0c   Section        0  usbd_desc.o(i.USBD_FS_ConfigStrDescriptor)
    i.USBD_FS_DeviceDescriptor               0x08001a2c   Section        0  usbd_desc.o(i.USBD_FS_DeviceDescriptor)
    i.USBD_FS_InterfaceStrDescriptor         0x08001a38   Section        0  usbd_desc.o(i.USBD_FS_InterfaceStrDescriptor)
    i.USBD_FS_LangIDStrDescriptor            0x08001a5c   Section        0  usbd_desc.o(i.USBD_FS_LangIDStrDescriptor)
    i.USBD_FS_ManufacturerStrDescriptor      0x08001a68   Section        0  usbd_desc.o(i.USBD_FS_ManufacturerStrDescriptor)
    i.USBD_FS_ProductStrDescriptor           0x08001a90   Section        0  usbd_desc.o(i.USBD_FS_ProductStrDescriptor)
    i.USBD_FS_SerialStrDescriptor            0x08001abc   Section        0  usbd_desc.o(i.USBD_FS_SerialStrDescriptor)
    i.USBD_GetDescriptor                     0x08001ae0   Section        0  usbd_ctlreq.o(i.USBD_GetDescriptor)
    USBD_GetDescriptor                       0x08001ae1   Thumb Code   224  usbd_ctlreq.o(i.USBD_GetDescriptor)
    i.USBD_GetString                         0x08001bc0   Section        0  usbd_ctlreq.o(i.USBD_GetString)
    i.USBD_Init                              0x08001c06   Section        0  usbd_core.o(i.USBD_Init)
    i.USBD_LL_ClearStallEP                   0x08001c30   Section        0  usbd_conf.o(i.USBD_LL_ClearStallEP)
    i.USBD_LL_CloseEP                        0x08001c50   Section        0  usbd_conf.o(i.USBD_LL_CloseEP)
    i.USBD_LL_DataInStage                    0x08001c70   Section        0  usbd_core.o(i.USBD_LL_DataInStage)
    i.USBD_LL_DataOutStage                   0x08001d1a   Section        0  usbd_core.o(i.USBD_LL_DataOutStage)
    i.USBD_LL_DevConnected                   0x08001d84   Section        0  usbd_core.o(i.USBD_LL_DevConnected)
    i.USBD_LL_DevDisconnected                0x08001d88   Section        0  usbd_core.o(i.USBD_LL_DevDisconnected)
    i.USBD_LL_GetRxDataSize                  0x08001d9e   Section        0  usbd_conf.o(i.USBD_LL_GetRxDataSize)
    i.USBD_LL_Init                           0x08001da8   Section        0  usbd_conf.o(i.USBD_LL_Init)
    i.USBD_LL_IsStallEP                      0x08001e24   Section        0  usbd_conf.o(i.USBD_LL_IsStallEP)
    i.USBD_LL_IsoINIncomplete                0x08001e44   Section        0  usbd_core.o(i.USBD_LL_IsoINIncomplete)
    i.USBD_LL_IsoOUTIncomplete               0x08001e48   Section        0  usbd_core.o(i.USBD_LL_IsoOUTIncomplete)
    i.USBD_LL_OpenEP                         0x08001e4c   Section        0  usbd_conf.o(i.USBD_LL_OpenEP)
    i.USBD_LL_PrepareReceive                 0x08001e72   Section        0  usbd_conf.o(i.USBD_LL_PrepareReceive)
    i.USBD_LL_Reset                          0x08001e92   Section        0  usbd_core.o(i.USBD_LL_Reset)
    i.USBD_LL_Resume                         0x08001ed0   Section        0  usbd_core.o(i.USBD_LL_Resume)
    i.USBD_LL_SOF                            0x08001edc   Section        0  usbd_core.o(i.USBD_LL_SOF)
    i.USBD_LL_SetSpeed                       0x08001ef4   Section        0  usbd_core.o(i.USBD_LL_SetSpeed)
    i.USBD_LL_SetUSBAddress                  0x08001efa   Section        0  usbd_conf.o(i.USBD_LL_SetUSBAddress)
    i.USBD_LL_SetupStage                     0x08001f1a   Section        0  usbd_core.o(i.USBD_LL_SetupStage)
    i.USBD_LL_StallEP                        0x08001f74   Section        0  usbd_conf.o(i.USBD_LL_StallEP)
    i.USBD_LL_Start                          0x08001f94   Section        0  usbd_conf.o(i.USBD_LL_Start)
    i.USBD_LL_Suspend                        0x08001fb4   Section        0  usbd_core.o(i.USBD_LL_Suspend)
    i.USBD_LL_Transmit                       0x08001fc6   Section        0  usbd_conf.o(i.USBD_LL_Transmit)
    i.USBD_ParseSetupRequest                 0x08001fe6   Section        0  usbd_ctlreq.o(i.USBD_ParseSetupRequest)
    i.USBD_RegisterClass                     0x0800200e   Section        0  usbd_core.o(i.USBD_RegisterClass)
    i.USBD_SetClassConfig                    0x0800201e   Section        0  usbd_core.o(i.USBD_SetClassConfig)
    i.USBD_SetConfig                         0x08002034   Section        0  usbd_ctlreq.o(i.USBD_SetConfig)
    USBD_SetConfig                           0x08002035   Thumb Code   110  usbd_ctlreq.o(i.USBD_SetConfig)
    i.USBD_Start                             0x080020a8   Section        0  usbd_core.o(i.USBD_Start)
    i.USBD_StdDevReq                         0x080020b2   Section        0  usbd_ctlreq.o(i.USBD_StdDevReq)
    i.USBD_StdEPReq                          0x080021a4   Section        0  usbd_ctlreq.o(i.USBD_StdEPReq)
    i.USBD_StdItfReq                         0x08002280   Section        0  usbd_ctlreq.o(i.USBD_StdItfReq)
    i.USB_ActivateEndpoint                   0x080022b4   Section        0  stm32f4xx_ll_usb.o(i.USB_ActivateEndpoint)
    i.USB_ActivateSetup                      0x08002334   Section        0  stm32f4xx_ll_usb.o(i.USB_ActivateSetup)
    i.USB_CoreInit                           0x08002368   Section        0  stm32f4xx_ll_usb.o(i.USB_CoreInit)
    i.USB_CoreReset                          0x080023d4   Section        0  stm32f4xx_ll_usb.o(i.USB_CoreReset)
    USB_CoreReset                            0x080023d5   Thumb Code    46  stm32f4xx_ll_usb.o(i.USB_CoreReset)
    i.USB_DeactivateEndpoint                 0x08002408   Section        0  stm32f4xx_ll_usb.o(i.USB_DeactivateEndpoint)
    i.USB_DevConnect                         0x080024d0   Section        0  stm32f4xx_ll_usb.o(i.USB_DevConnect)
    i.USB_DevDisconnect                      0x080024e8   Section        0  stm32f4xx_ll_usb.o(i.USB_DevDisconnect)
    i.USB_DevInit                            0x08002500   Section        0  stm32f4xx_ll_usb.o(i.USB_DevInit)
    i.USB_DisableGlobalInt                   0x08002640   Section        0  stm32f4xx_ll_usb.o(i.USB_DisableGlobalInt)
    i.USB_EP0StartXfer                       0x0800264c   Section        0  stm32f4xx_ll_usb.o(i.USB_EP0StartXfer)
    i.USB_EP0_OutStart                       0x0800278c   Section        0  stm32f4xx_ll_usb.o(i.USB_EP0_OutStart)
    i.USB_EPClearStall                       0x080027ca   Section        0  stm32f4xx_ll_usb.o(i.USB_EPClearStall)
    i.USB_EPSetStall                         0x0800282e   Section        0  stm32f4xx_ll_usb.o(i.USB_EPSetStall)
    i.USB_EPStartXfer                        0x0800288c   Section        0  stm32f4xx_ll_usb.o(i.USB_EPStartXfer)
    i.USB_EnableGlobalInt                    0x08002aa8   Section        0  stm32f4xx_ll_usb.o(i.USB_EnableGlobalInt)
    i.USB_FlushRxFifo                        0x08002ab4   Section        0  stm32f4xx_ll_usb.o(i.USB_FlushRxFifo)
    i.USB_FlushTxFifo                        0x08002ad4   Section        0  stm32f4xx_ll_usb.o(i.USB_FlushTxFifo)
    i.USB_GetDevSpeed                        0x08002af8   Section        0  stm32f4xx_ll_usb.o(i.USB_GetDevSpeed)
    i.USB_GetMode                            0x08002b34   Section        0  stm32f4xx_ll_usb.o(i.USB_GetMode)
    i.USB_ReadDevAllInEpInterrupt            0x08002b3c   Section        0  stm32f4xx_ll_usb.o(i.USB_ReadDevAllInEpInterrupt)
    i.USB_ReadDevAllOutEpInterrupt           0x08002b4a   Section        0  stm32f4xx_ll_usb.o(i.USB_ReadDevAllOutEpInterrupt)
    i.USB_ReadDevInEPInterrupt               0x08002b58   Section        0  stm32f4xx_ll_usb.o(i.USB_ReadDevInEPInterrupt)
    i.USB_ReadDevOutEPInterrupt              0x08002b76   Section        0  stm32f4xx_ll_usb.o(i.USB_ReadDevOutEPInterrupt)
    i.USB_ReadInterrupts                     0x08002b86   Section        0  stm32f4xx_ll_usb.o(i.USB_ReadInterrupts)
    i.USB_ReadPacket                         0x08002b8e   Section        0  stm32f4xx_ll_usb.o(i.USB_ReadPacket)
    i.USB_SetCurrentMode                     0x08002bae   Section        0  stm32f4xx_ll_usb.o(i.USB_SetCurrentMode)
    i.USB_SetDevAddress                      0x08002bda   Section        0  stm32f4xx_ll_usb.o(i.USB_SetDevAddress)
    i.USB_WritePacket                        0x08002bfc   Section        0  stm32f4xx_ll_usb.o(i.USB_WritePacket)
    i.UsageFault_Handler                     0x08002c22   Section        0  stm32f4xx_it.o(i.UsageFault_Handler)
    i._Error_Handler                         0x08002c24   Section        0  main.o(i._Error_Handler)
    i.__0sprintf$1                           0x08002c28   Section        0  printf1.o(i.__0sprintf$1)
    i.__scatterload_copy                     0x08002c50   Section       14  handlers.o(i.__scatterload_copy)
    i.__scatterload_null                     0x08002c5e   Section        2  handlers.o(i.__scatterload_null)
    i.__scatterload_zeroinit                 0x08002c60   Section       14  handlers.o(i.__scatterload_zeroinit)
    i._printf_core                           0x08002c70   Section        0  printf1.o(i._printf_core)
    _printf_core                             0x08002c71   Thumb Code   336  printf1.o(i._printf_core)
    i._sputc                                 0x08002dc4   Section        0  printf1.o(i._sputc)
    _sputc                                   0x08002dc5   Thumb Code    10  printf1.o(i._sputc)
    i.free                                   0x08002dd0   Section        0  malloc.o(i.free)
    i.main                                   0x08002e20   Section        0  main.o(i.main)
    i.malloc                                 0x08002f78   Section        0  malloc.o(i.malloc)
    .constdata                               0x08002fe4   Section        8  main.o(.constdata)
    STREAM_OFFSET_TAB                        0x08002fe4   Data           8  main.o(.constdata)
    .data                                    0x20000000   Section       12  stm32f4xx_hal.o(.data)
    .data                                    0x2000000c   Section       12  main.o(.data)
    .data                                    0x20000018   Section       28  usbd_desc.o(.data)
    .data                                    0x20000034   Section       22  usbd_desc.o(.data)
    .data                                    0x2000004c   Section       16  usbd_cdc_if.o(.data)
    .data                                    0x2000005c   Section        4  system_stm32f4xx.o(.data)
    .data                                    0x20000060   Section      219  usbd_cdc.o(.data)
    ifalt                                    0x20000060   Data           1  usbd_cdc.o(.data)
    USBD_CDC_DeviceQualifierDesc             0x20000064   Data          10  usbd_cdc.o(.data)
    .data                                    0x2000013c   Section       56  usbd_cdc.o(.data)
    .data                                    0x20000174   Section        1  usbd_ctlreq.o(.data)
    cfgidx                                   0x20000174   Data           1  usbd_ctlreq.o(.data)
    .data                                    0x20000178   Section        4  mvars.o(.data)
    .data                                    0x2000017c   Section        4  mvars.o(.data)
    .bss                                     0x20000180   Section     2000  main.o(.bss)
    .bss                                     0x20000950   Section     1008  usbd_conf.o(.bss)
    .bss                                     0x20000d40   Section      512  usbd_desc.o(.bss)
    .bss                                     0x20000f40   Section     4096  usbd_cdc_if.o(.bss)
    .bss                                     0x20001f40   Section      548  usb_device.o(.bss)
    HEAP                                     0x20002168   Section     2048  startup_stm32f407xx.o(HEAP)
    STACK                                    0x20002968   Section     2048  startup_stm32f407xx.o(STACK)

    Global Symbols

    Symbol Name                              Value     Ov Type        Size  Object(Section)

    BuildAttributes$$THM_ISAv4$E$P$D$K$B$S$7EM$VFPi3$EXTD16$VFPS$VFMA$PE$A:L22UL41UL21$X:L11$S22US41US21$IEEE1$IW$USESV6$~STKCKD$USESV7$~SHL$OSPACE$ROPI$EBA8$MICROLIB$REQ8$PRES8$EABIv2 0x00000000   Number         0  anon$$obj.o ABSOLUTE
    __ARM_use_no_argv                        0x00000000   Number         0  main.o ABSOLUTE
    _printf_a                                0x00000000   Number         0  stubs.o ABSOLUTE
    _printf_c                                0x00000000   Number         0  stubs.o ABSOLUTE
    _printf_charcount                        0x00000000   Number         0  stubs.o ABSOLUTE
    _printf_d                                0x00000000   Number         0  stubs.o ABSOLUTE
    _printf_e                                0x00000000   Number         0  stubs.o ABSOLUTE
    _printf_f                                0x00000000   Number         0  stubs.o ABSOLUTE
    _printf_flags                            0x00000000   Number         0  stubs.o ABSOLUTE
    _printf_fp_dec                           0x00000000   Number         0  stubs.o ABSOLUTE
    _printf_fp_hex                           0x00000000   Number         0  stubs.o ABSOLUTE
    _printf_g                                0x00000000   Number         0  stubs.o ABSOLUTE
    _printf_i                                0x00000000   Number         0  stubs.o ABSOLUTE
    _printf_int_dec                          0x00000000   Number         0  stubs.o ABSOLUTE
    _printf_l                                0x00000000   Number         0  stubs.o ABSOLUTE
    _printf_lc                               0x00000000   Number         0  stubs.o ABSOLUTE
    _printf_ll                               0x00000000   Number         0  stubs.o ABSOLUTE
    _printf_lld                              0x00000000   Number         0  stubs.o ABSOLUTE
    _printf_lli                              0x00000000   Number         0  stubs.o ABSOLUTE
    _printf_llo                              0x00000000   Number         0  stubs.o ABSOLUTE
    _printf_llu                              0x00000000   Number         0  stubs.o ABSOLUTE
    _printf_llx                              0x00000000   Number         0  stubs.o ABSOLUTE
    _printf_longlong_dec                     0x00000000   Number         0  stubs.o ABSOLUTE
    _printf_longlong_hex                     0x00000000   Number         0  stubs.o ABSOLUTE
    _printf_longlong_oct                     0x00000000   Number         0  stubs.o ABSOLUTE
    _printf_ls                               0x00000000   Number         0  stubs.o ABSOLUTE
    _printf_mbtowc                           0x00000000   Number         0  stubs.o ABSOLUTE
    _printf_n                                0x00000000   Number         0  stubs.o ABSOLUTE
    _printf_o                                0x00000000   Number         0  stubs.o ABSOLUTE
    _printf_p                                0x00000000   Number         0  stubs.o ABSOLUTE
    _printf_percent                          0x00000000   Number         0  stubs.o ABSOLUTE
    _printf_pre_padding                      0x00000000   Number         0  stubs.o ABSOLUTE
    _printf_return_value                     0x00000000   Number         0  stubs.o ABSOLUTE
    _printf_s                                0x00000000   Number         0  stubs.o ABSOLUTE
    _printf_sizespec                         0x00000000   Number         0  stubs.o ABSOLUTE
    _printf_str                              0x00000000   Number         0  stubs.o ABSOLUTE
    _printf_truncate_signed                  0x00000000   Number         0  stubs.o ABSOLUTE
    _printf_truncate_unsigned                0x00000000   Number         0  stubs.o ABSOLUTE
    _printf_u                                0x00000000   Number         0  stubs.o ABSOLUTE
    _printf_wc                               0x00000000   Number         0  stubs.o ABSOLUTE
    _printf_wctomb                           0x00000000   Number         0  stubs.o ABSOLUTE
    _printf_widthprec                        0x00000000   Number         0  stubs.o ABSOLUTE
    _printf_x                                0x00000000   Number         0  stubs.o ABSOLUTE
    __cpp_initialize__aeabi_                  - Undefined Weak Reference
    __cxa_finalize                            - Undefined Weak Reference
    _clock_init                               - Undefined Weak Reference
    _microlib_exit                            - Undefined Weak Reference
    __Vectors_Size                           0x00000188   Number         0  startup_stm32f407xx.o ABSOLUTE
    __Vectors                                0x08000000   Data           4  startup_stm32f407xx.o(RESET)
    __Vectors_End                            0x08000188   Data           0  startup_stm32f407xx.o(RESET)
    __main                                   0x08000189   Thumb Code     0  entry.o(.ARM.Collect$$$$00000000)
    _main_stk                                0x08000189   Thumb Code     0  entry2.o(.ARM.Collect$$$$00000001)
    _main_scatterload                        0x0800018d   Thumb Code     0  entry5.o(.ARM.Collect$$$$00000004)
    __main_after_scatterload                 0x08000191   Thumb Code     0  entry5.o(.ARM.Collect$$$$00000004)
    _main_clock                              0x08000191   Thumb Code     0  entry7b.o(.ARM.Collect$$$$00000008)
    _main_cpp_init                           0x08000191   Thumb Code     0  entry8b.o(.ARM.Collect$$$$0000000A)
    _main_init                               0x08000191   Thumb Code     0  entry9a.o(.ARM.Collect$$$$0000000B)
    __rt_final_cpp                           0x08000199   Thumb Code     0  entry10a.o(.ARM.Collect$$$$0000000D)
    __rt_final_exit                          0x08000199   Thumb Code     0  entry11a.o(.ARM.Collect$$$$0000000F)
    Reset_Handler                            0x0800019d   Thumb Code     8  startup_stm32f407xx.o(.text)
    ADC_IRQHandler                           0x080001b7   Thumb Code     0  startup_stm32f407xx.o(.text)
    CAN1_RX0_IRQHandler                      0x080001b7   Thumb Code     0  startup_stm32f407xx.o(.text)
    CAN1_RX1_IRQHandler                      0x080001b7   Thumb Code     0  startup_stm32f407xx.o(.text)
    CAN1_SCE_IRQHandler                      0x080001b7   Thumb Code     0  startup_stm32f407xx.o(.text)
    CAN1_TX_IRQHandler                       0x080001b7   Thumb Code     0  startup_stm32f407xx.o(.text)
    CAN2_RX0_IRQHandler                      0x080001b7   Thumb Code     0  startup_stm32f407xx.o(.text)
    CAN2_RX1_IRQHandler                      0x080001b7   Thumb Code     0  startup_stm32f407xx.o(.text)
    CAN2_SCE_IRQHandler                      0x080001b7   Thumb Code     0  startup_stm32f407xx.o(.text)
    CAN2_TX_IRQHandler                       0x080001b7   Thumb Code     0  startup_stm32f407xx.o(.text)
    DCMI_IRQHandler                          0x080001b7   Thumb Code     0  startup_stm32f407xx.o(.text)
    DMA1_Stream0_IRQHandler                  0x080001b7   Thumb Code     0  startup_stm32f407xx.o(.text)
    DMA1_Stream1_IRQHandler                  0x080001b7   Thumb Code     0  startup_stm32f407xx.o(.text)
    DMA1_Stream2_IRQHandler                  0x080001b7   Thumb Code     0  startup_stm32f407xx.o(.text)
    DMA1_Stream3_IRQHandler                  0x080001b7   Thumb Code     0  startup_stm32f407xx.o(.text)
    DMA1_Stream4_IRQHandler                  0x080001b7   Thumb Code     0  startup_stm32f407xx.o(.text)
    DMA1_Stream5_IRQHandler                  0x080001b7   Thumb Code     0  startup_stm32f407xx.o(.text)
    DMA1_Stream6_IRQHandler                  0x080001b7   Thumb Code     0  startup_stm32f407xx.o(.text)
    DMA1_Stream7_IRQHandler                  0x080001b7   Thumb Code     0  startup_stm32f407xx.o(.text)
    DMA2_Stream1_IRQHandler                  0x080001b7   Thumb Code     0  startup_stm32f407xx.o(.text)
    DMA2_Stream2_IRQHandler                  0x080001b7   Thumb Code     0  startup_stm32f407xx.o(.text)
    DMA2_Stream3_IRQHandler                  0x080001b7   Thumb Code     0  startup_stm32f407xx.o(.text)
    DMA2_Stream4_IRQHandler                  0x080001b7   Thumb Code     0  startup_stm32f407xx.o(.text)
    DMA2_Stream5_IRQHandler                  0x080001b7   Thumb Code     0  startup_stm32f407xx.o(.text)
    DMA2_Stream6_IRQHandler                  0x080001b7   Thumb Code     0  startup_stm32f407xx.o(.text)
    DMA2_Stream7_IRQHandler                  0x080001b7   Thumb Code     0  startup_stm32f407xx.o(.text)
    ETH_IRQHandler                           0x080001b7   Thumb Code     0  startup_stm32f407xx.o(.text)
    ETH_WKUP_IRQHandler                      0x080001b7   Thumb Code     0  startup_stm32f407xx.o(.text)
    EXTI0_IRQHandler                         0x080001b7   Thumb Code     0  startup_stm32f407xx.o(.text)
    EXTI15_10_IRQHandler                     0x080001b7   Thumb Code     0  startup_stm32f407xx.o(.text)
    EXTI1_IRQHandler                         0x080001b7   Thumb Code     0  startup_stm32f407xx.o(.text)
    EXTI2_IRQHandler                         0x080001b7   Thumb Code     0  startup_stm32f407xx.o(.text)
    EXTI3_IRQHandler                         0x080001b7   Thumb Code     0  startup_stm32f407xx.o(.text)
    EXTI4_IRQHandler                         0x080001b7   Thumb Code     0  startup_stm32f407xx.o(.text)
    EXTI9_5_IRQHandler                       0x080001b7   Thumb Code     0  startup_stm32f407xx.o(.text)
    FLASH_IRQHandler                         0x080001b7   Thumb Code     0  startup_stm32f407xx.o(.text)
    FMC_IRQHandler                           0x080001b7   Thumb Code     0  startup_stm32f407xx.o(.text)
    FPU_IRQHandler                           0x080001b7   Thumb Code     0  startup_stm32f407xx.o(.text)
    HASH_RNG_IRQHandler                      0x080001b7   Thumb Code     0  startup_stm32f407xx.o(.text)
    I2C1_ER_IRQHandler                       0x080001b7   Thumb Code     0  startup_stm32f407xx.o(.text)
    I2C1_EV_IRQHandler                       0x080001b7   Thumb Code     0  startup_stm32f407xx.o(.text)
    I2C2_ER_IRQHandler                       0x080001b7   Thumb Code     0  startup_stm32f407xx.o(.text)
    I2C2_EV_IRQHandler                       0x080001b7   Thumb Code     0  startup_stm32f407xx.o(.text)
    I2C3_ER_IRQHandler                       0x080001b7   Thumb Code     0  startup_stm32f407xx.o(.text)
    I2C3_EV_IRQHandler                       0x080001b7   Thumb Code     0  startup_stm32f407xx.o(.text)
    OTG_FS_WKUP_IRQHandler                   0x080001b7   Thumb Code     0  startup_stm32f407xx.o(.text)
    OTG_HS_EP1_IN_IRQHandler                 0x080001b7   Thumb Code     0  startup_stm32f407xx.o(.text)
    OTG_HS_EP1_OUT_IRQHandler                0x080001b7   Thumb Code     0  startup_stm32f407xx.o(.text)
    OTG_HS_IRQHandler                        0x080001b7   Thumb Code     0  startup_stm32f407xx.o(.text)
    OTG_HS_WKUP_IRQHandler                   0x080001b7   Thumb Code     0  startup_stm32f407xx.o(.text)
    PVD_IRQHandler                           0x080001b7   Thumb Code     0  startup_stm32f407xx.o(.text)
    RCC_IRQHandler                           0x080001b7   Thumb Code     0  startup_stm32f407xx.o(.text)
    RTC_Alarm_IRQHandler                     0x080001b7   Thumb Code     0  startup_stm32f407xx.o(.text)
    RTC_WKUP_IRQHandler                      0x080001b7   Thumb Code     0  startup_stm32f407xx.o(.text)
    SDIO_IRQHandler                          0x080001b7   Thumb Code     0  startup_stm32f407xx.o(.text)
    SPI1_IRQHandler                          0x080001b7   Thumb Code     0  startup_stm32f407xx.o(.text)
    SPI2_IRQHandler                          0x080001b7   Thumb Code     0  startup_stm32f407xx.o(.text)
    SPI3_IRQHandler                          0x080001b7   Thumb Code     0  startup_stm32f407xx.o(.text)
    TAMP_STAMP_IRQHandler                    0x080001b7   Thumb Code     0  startup_stm32f407xx.o(.text)
    TIM1_BRK_TIM9_IRQHandler                 0x080001b7   Thumb Code     0  startup_stm32f407xx.o(.text)
    TIM1_CC_IRQHandler                       0x080001b7   Thumb Code     0  startup_stm32f407xx.o(.text)
    TIM1_TRG_COM_TIM11_IRQHandler            0x080001b7   Thumb Code     0  startup_stm32f407xx.o(.text)
    TIM1_UP_TIM10_IRQHandler                 0x080001b7   Thumb Code     0  startup_stm32f407xx.o(.text)
    TIM2_IRQHandler                          0x080001b7   Thumb Code     0  startup_stm32f407xx.o(.text)
    TIM3_IRQHandler                          0x080001b7   Thumb Code     0  startup_stm32f407xx.o(.text)
    TIM4_IRQHandler                          0x080001b7   Thumb Code     0  startup_stm32f407xx.o(.text)
    TIM5_IRQHandler                          0x080001b7   Thumb Code     0  startup_stm32f407xx.o(.text)
    TIM6_DAC_IRQHandler                      0x080001b7   Thumb Code     0  startup_stm32f407xx.o(.text)
    TIM7_IRQHandler                          0x080001b7   Thumb Code     0  startup_stm32f407xx.o(.text)
    TIM8_BRK_TIM12_IRQHandler                0x080001b7   Thumb Code     0  startup_stm32f407xx.o(.text)
    TIM8_CC_IRQHandler                       0x080001b7   Thumb Code     0  startup_stm32f407xx.o(.text)
    TIM8_TRG_COM_TIM14_IRQHandler            0x080001b7   Thumb Code     0  startup_stm32f407xx.o(.text)
    TIM8_UP_TIM13_IRQHandler                 0x080001b7   Thumb Code     0  startup_stm32f407xx.o(.text)
    UART4_IRQHandler                         0x080001b7   Thumb Code     0  startup_stm32f407xx.o(.text)
    UART5_IRQHandler                         0x080001b7   Thumb Code     0  startup_stm32f407xx.o(.text)
    USART1_IRQHandler                        0x080001b7   Thumb Code     0  startup_stm32f407xx.o(.text)
    USART2_IRQHandler                        0x080001b7   Thumb Code     0  startup_stm32f407xx.o(.text)
    USART3_IRQHandler                        0x080001b7   Thumb Code     0  startup_stm32f407xx.o(.text)
    USART6_IRQHandler                        0x080001b7   Thumb Code     0  startup_stm32f407xx.o(.text)
    WWDG_IRQHandler                          0x080001b7   Thumb Code     0  startup_stm32f407xx.o(.text)
    __aeabi_memcpy                           0x080001c1   Thumb Code    36  memcpya.o(.text)
    __aeabi_memcpy4                          0x080001c1   Thumb Code     0  memcpya.o(.text)
    __aeabi_memcpy8                          0x080001c1   Thumb Code     0  memcpya.o(.text)
    __aeabi_uidiv                            0x080001e5   Thumb Code     0  uidiv.o(.text)
    __aeabi_uidivmod                         0x080001e5   Thumb Code    44  uidiv.o(.text)
    __scatterload                            0x08000211   Thumb Code    28  init.o(.text)
    __scatterload_rt2                        0x08000211   Thumb Code     0  init.o(.text)
    __decompress                             0x08000235   Thumb Code     0  __dczerorl2.o(.text)
    __decompress1                            0x08000235   Thumb Code    86  __dczerorl2.o(.text)
    Activate_ADC                             0x0800028d   Thumb Code    92  main.o(i.Activate_ADC)
    Activate_DAC                             0x08000301   Thumb Code    12  main.o(i.Activate_DAC)
    BusFault_Handler                         0x08000311   Thumb Code     2  stm32f4xx_it.o(i.BusFault_Handler)
    CDC_Transmit_FS                          0x08000359   Thumb Code    38  usbd_cdc_if.o(i.CDC_Transmit_FS)
    ConversionStart_ADC                      0x08000385   Thumb Code    12  main.o(i.ConversionStart_ADC)
    DMA2_Stream0_IRQHandler                  0x08000395   Thumb Code     2  stm32f4xx_it.o(i.DMA2_Stream0_IRQHandler)
    DebugMon_Handler                         0x08000397   Thumb Code     2  stm32f4xx_it.o(i.DebugMon_Handler)
    HAL_Delay                                0x08000399   Thumb Code    32  stm32f4xx_hal.o(i.HAL_Delay)
    HAL_GPIO_Init                            0x080003bd   Thumb Code   402  stm32f4xx_hal_gpio.o(i.HAL_GPIO_Init)
    HAL_GetTick                              0x0800057d   Thumb Code     6  stm32f4xx_hal.o(i.HAL_GetTick)
    HAL_IncTick                              0x08000589   Thumb Code    12  stm32f4xx_hal.o(i.HAL_IncTick)
    HAL_Init                                 0x08000599   Thumb Code    48  stm32f4xx_hal.o(i.HAL_Init)
    HAL_InitTick                             0x080005cd   Thumb Code    54  stm32f4xx_hal.o(i.HAL_InitTick)
    HAL_MspInit                              0x0800060d   Thumb Code    88  stm32f4xx_hal_msp.o(i.HAL_MspInit)
    HAL_NVIC_EnableIRQ                       0x08000665   Thumb Code    22  stm32f4xx_hal_cortex.o(i.HAL_NVIC_EnableIRQ)
    HAL_NVIC_SetPriority                     0x0800067d   Thumb Code    60  stm32f4xx_hal_cortex.o(i.HAL_NVIC_SetPriority)
    HAL_NVIC_SetPriorityGrouping             0x080006bd   Thumb Code    26  stm32f4xx_hal_cortex.o(i.HAL_NVIC_SetPriorityGrouping)
    HAL_PCDEx_SetRxFiFo                      0x080006e1   Thumb Code     8  stm32f4xx_hal_pcd_ex.o(i.HAL_PCDEx_SetRxFiFo)
    HAL_PCDEx_SetTxFiFo                      0x080006e9   Thumb Code    68  stm32f4xx_hal_pcd_ex.o(i.HAL_PCDEx_SetTxFiFo)
    HAL_PCD_ConnectCallback                  0x0800072d   Thumb Code     8  usbd_conf.o(i.HAL_PCD_ConnectCallback)
    HAL_PCD_DataInStageCallback              0x08000735   Thumb Code    18  usbd_conf.o(i.HAL_PCD_DataInStageCallback)
    HAL_PCD_DataOutStageCallback             0x08000747   Thumb Code    20  usbd_conf.o(i.HAL_PCD_DataOutStageCallback)
    HAL_PCD_DisconnectCallback               0x0800075b   Thumb Code     8  usbd_conf.o(i.HAL_PCD_DisconnectCallback)
    HAL_PCD_EP_Close                         0x08000763   Thumb Code    68  stm32f4xx_hal_pcd.o(i.HAL_PCD_EP_Close)
    HAL_PCD_EP_ClrStall                      0x080007a7   Thumb Code    80  stm32f4xx_hal_pcd.o(i.HAL_PCD_EP_ClrStall)
    HAL_PCD_EP_GetRxCount                    0x080007f7   Thumb Code    20  stm32f4xx_hal_pcd.o(i.HAL_PCD_EP_GetRxCount)
    HAL_PCD_EP_Open                          0x0800080b   Thumb Code    84  stm32f4xx_hal_pcd.o(i.HAL_PCD_EP_Open)
    HAL_PCD_EP_Receive                       0x0800085f   Thumb Code    72  stm32f4xx_hal_pcd.o(i.HAL_PCD_EP_Receive)
    HAL_PCD_EP_SetStall                      0x080008a7   Thumb Code    96  stm32f4xx_hal_pcd.o(i.HAL_PCD_EP_SetStall)
    HAL_PCD_EP_Transmit                      0x08000907   Thumb Code    64  stm32f4xx_hal_pcd.o(i.HAL_PCD_EP_Transmit)
    HAL_PCD_IRQHandler                       0x08000949   Thumb Code  1184  stm32f4xx_hal_pcd.o(i.HAL_PCD_IRQHandler)
    HAL_PCD_ISOINIncompleteCallback          0x08000e31   Thumb Code     8  usbd_conf.o(i.HAL_PCD_ISOINIncompleteCallback)
    HAL_PCD_ISOOUTIncompleteCallback         0x08000e39   Thumb Code     8  usbd_conf.o(i.HAL_PCD_ISOOUTIncompleteCallback)
    HAL_PCD_Init                             0x08000e41   Thumb Code   188  stm32f4xx_hal_pcd.o(i.HAL_PCD_Init)
    HAL_PCD_MspInit                          0x08000efd   Thumb Code    92  usbd_conf.o(i.HAL_PCD_MspInit)
    HAL_PCD_ResetCallback                    0x08000f61   Thumb Code    32  usbd_conf.o(i.HAL_PCD_ResetCallback)
    HAL_PCD_ResumeCallback                   0x08000f81   Thumb Code     8  usbd_conf.o(i.HAL_PCD_ResumeCallback)
    HAL_PCD_SOFCallback                      0x08000f89   Thumb Code     8  usbd_conf.o(i.HAL_PCD_SOFCallback)
    HAL_PCD_SetAddress                       0x08000f91   Thumb Code    36  stm32f4xx_hal_pcd.o(i.HAL_PCD_SetAddress)
    HAL_PCD_SetupStageCallback               0x08000fb5   Thumb Code    14  usbd_conf.o(i.HAL_PCD_SetupStageCallback)
    HAL_PCD_Start                            0x08000fc3   Thumb Code    42  stm32f4xx_hal_pcd.o(i.HAL_PCD_Start)
    HAL_PCD_SuspendCallback                  0x08000fed   Thumb Code    44  usbd_conf.o(i.HAL_PCD_SuspendCallback)
    HAL_RCC_GetHCLKFreq                      0x0800101d   Thumb Code     6  stm32f4xx_hal_rcc.o(i.HAL_RCC_GetHCLKFreq)
    HAL_SYSTICK_Callback                     0x08001029   Thumb Code    10  main.o(i.HAL_SYSTICK_Callback)
    HAL_SYSTICK_Config                       0x08001039   Thumb Code    40  stm32f4xx_hal_cortex.o(i.HAL_SYSTICK_Config)
    HAL_SYSTICK_IRQHandler                   0x08001061   Thumb Code     8  stm32f4xx_hal_cortex.o(i.HAL_SYSTICK_IRQHandler)
    HardFault_Handler                        0x08001069   Thumb Code     2  stm32f4xx_it.o(i.HardFault_Handler)
    LL_ADC_CommonInit                        0x0800106d   Thumb Code    80  stm32f4xx_ll_adc.o(i.LL_ADC_CommonInit)
    LL_ADC_Init                              0x080010cd   Thumb Code    48  stm32f4xx_ll_adc.o(i.LL_ADC_Init)
    LL_ADC_REG_Init                          0x08001101   Thumb Code    82  stm32f4xx_ll_adc.o(i.LL_ADC_REG_Init)
    LL_DAC_Init                              0x08001171   Thumb Code    80  stm32f4xx_ll_dac.o(i.LL_DAC_Init)
    LL_GPIO_Init                             0x080011c1   Thumb Code   282  stm32f4xx_ll_gpio.o(i.LL_GPIO_Init)
    LL_Init1msTick                           0x080012db   Thumb Code    26  stm32f4xx_ll_utils.o(i.LL_Init1msTick)
    LL_SetSystemCoreClock                    0x080012f5   Thumb Code     6  stm32f4xx_ll_utils.o(i.LL_SetSystemCoreClock)
    MX_USB_DEVICE_Init                       0x08001465   Thumb Code    38  usb_device.o(i.MX_USB_DEVICE_Init)
    MemManage_Handler                        0x0800149d   Thumb Code     2  stm32f4xx_it.o(i.MemManage_Handler)
    NMI_Handler                              0x0800149f   Thumb Code     2  stm32f4xx_it.o(i.NMI_Handler)
    OTG_FS_IRQHandler                        0x08001515   Thumb Code     6  stm32f4xx_it.o(i.OTG_FS_IRQHandler)
    PendSV_Handler                           0x080015a7   Thumb Code     2  stm32f4xx_it.o(i.PendSV_Handler)
    SVC_Handler                              0x080015a9   Thumb Code     2  stm32f4xx_it.o(i.SVC_Handler)
    SysTick_Handler                          0x080015ab   Thumb Code    14  stm32f4xx_it.o(i.SysTick_Handler)
    SystemClock_Config                       0x080015b9   Thumb Code   226  main.o(i.SystemClock_Config)
    SystemInit                               0x080016c1   Thumb Code    66  system_stm32f4xx.o(i.SystemInit)
    USBD_CDC_GetDeviceQualifierDescriptor    0x080017b9   Thumb Code     8  usbd_cdc.o(i.USBD_CDC_GetDeviceQualifierDescriptor)
    USBD_CDC_ReceivePacket                   0x08001871   Thumb Code    40  usbd_cdc.o(i.USBD_CDC_ReceivePacket)
    USBD_CDC_RegisterInterface               0x08001899   Thumb Code    16  usbd_cdc.o(i.USBD_CDC_RegisterInterface)
    USBD_CDC_SetRxBuffer                     0x080018a9   Thumb Code    12  usbd_cdc.o(i.USBD_CDC_SetRxBuffer)
    USBD_CDC_SetTxBuffer                     0x080018b5   Thumb Code    16  usbd_cdc.o(i.USBD_CDC_SetTxBuffer)
    USBD_CDC_TransmitPacket                  0x08001935   Thumb Code    48  usbd_cdc.o(i.USBD_CDC_TransmitPacket)
    USBD_ClrClassConfig                      0x08001965   Thumb Code    14  usbd_core.o(i.USBD_ClrClassConfig)
    USBD_CtlContinueRx                       0x08001973   Thumb Code    16  usbd_ioreq.o(i.USBD_CtlContinueRx)
    USBD_CtlContinueSendData                 0x08001983   Thumb Code    16  usbd_ioreq.o(i.USBD_CtlContinueSendData)
    USBD_CtlError                            0x08001993   Thumb Code    22  usbd_ctlreq.o(i.USBD_CtlError)
    USBD_CtlPrepareRx                        0x080019a9   Thumb Code    30  usbd_ioreq.o(i.USBD_CtlPrepareRx)
    USBD_CtlReceiveStatus                    0x080019c7   Thumb Code    22  usbd_ioreq.o(i.USBD_CtlReceiveStatus)
    USBD_CtlSendData                         0x080019dd   Thumb Code    26  usbd_ioreq.o(i.USBD_CtlSendData)
    USBD_CtlSendStatus                       0x080019f7   Thumb Code    22  usbd_ioreq.o(i.USBD_CtlSendStatus)
    USBD_FS_ConfigStrDescriptor              0x08001a0d   Thumb Code    16  usbd_desc.o(i.USBD_FS_ConfigStrDescriptor)
    USBD_FS_DeviceDescriptor                 0x08001a2d   Thumb Code     8  usbd_desc.o(i.USBD_FS_DeviceDescriptor)
    USBD_FS_InterfaceStrDescriptor           0x08001a39   Thumb Code    16  usbd_desc.o(i.USBD_FS_InterfaceStrDescriptor)
    USBD_FS_LangIDStrDescriptor              0x08001a5d   Thumb Code     8  usbd_desc.o(i.USBD_FS_LangIDStrDescriptor)
    USBD_FS_ManufacturerStrDescriptor        0x08001a69   Thumb Code    16  usbd_desc.o(i.USBD_FS_ManufacturerStrDescriptor)
    USBD_FS_ProductStrDescriptor             0x08001a91   Thumb Code    16  usbd_desc.o(i.USBD_FS_ProductStrDescriptor)
    USBD_FS_SerialStrDescriptor              0x08001abd   Thumb Code    16  usbd_desc.o(i.USBD_FS_SerialStrDescriptor)
    USBD_GetString                           0x08001bc1   Thumb Code    70  usbd_ctlreq.o(i.USBD_GetString)
    USBD_Init                                0x08001c07   Thumb Code    42  usbd_core.o(i.USBD_Init)
    USBD_LL_ClearStallEP                     0x08001c31   Thumb Code    32  usbd_conf.o(i.USBD_LL_ClearStallEP)
    USBD_LL_CloseEP                          0x08001c51   Thumb Code    32  usbd_conf.o(i.USBD_LL_CloseEP)
    USBD_LL_DataInStage                      0x08001c71   Thumb Code   170  usbd_core.o(i.USBD_LL_DataInStage)
    USBD_LL_DataOutStage                     0x08001d1b   Thumb Code   106  usbd_core.o(i.USBD_LL_DataOutStage)
    USBD_LL_DevConnected                     0x08001d85   Thumb Code     4  usbd_core.o(i.USBD_LL_DevConnected)
    USBD_LL_DevDisconnected                  0x08001d89   Thumb Code    22  usbd_core.o(i.USBD_LL_DevDisconnected)
    USBD_LL_GetRxDataSize                    0x08001d9f   Thumb Code     8  usbd_conf.o(i.USBD_LL_GetRxDataSize)
    USBD_LL_Init                             0x08001da9   Thumb Code    98  usbd_conf.o(i.USBD_LL_Init)
    USBD_LL_IsStallEP                        0x08001e25   Thumb Code    32  usbd_conf.o(i.USBD_LL_IsStallEP)
    USBD_LL_IsoINIncomplete                  0x08001e45   Thumb Code     4  usbd_core.o(i.USBD_LL_IsoINIncomplete)
    USBD_LL_IsoOUTIncomplete                 0x08001e49   Thumb Code     4  usbd_core.o(i.USBD_LL_IsoOUTIncomplete)
    USBD_LL_OpenEP                           0x08001e4d   Thumb Code    38  usbd_conf.o(i.USBD_LL_OpenEP)
    USBD_LL_PrepareReceive                   0x08001e73   Thumb Code    32  usbd_conf.o(i.USBD_LL_PrepareReceive)
    USBD_LL_Reset                            0x08001e93   Thumb Code    62  usbd_core.o(i.USBD_LL_Reset)
    USBD_LL_Resume                           0x08001ed1   Thumb Code    12  usbd_core.o(i.USBD_LL_Resume)
    USBD_LL_SOF                              0x08001edd   Thumb Code    24  usbd_core.o(i.USBD_LL_SOF)
    USBD_LL_SetSpeed                         0x08001ef5   Thumb Code     6  usbd_core.o(i.USBD_LL_SetSpeed)
    USBD_LL_SetUSBAddress                    0x08001efb   Thumb Code    32  usbd_conf.o(i.USBD_LL_SetUSBAddress)
    USBD_LL_SetupStage                       0x08001f1b   Thumb Code    90  usbd_core.o(i.USBD_LL_SetupStage)
    USBD_LL_StallEP                          0x08001f75   Thumb Code    32  usbd_conf.o(i.USBD_LL_StallEP)
    USBD_LL_Start                            0x08001f95   Thumb Code    32  usbd_conf.o(i.USBD_LL_Start)
    USBD_LL_Suspend                          0x08001fb5   Thumb Code    18  usbd_core.o(i.USBD_LL_Suspend)
    USBD_LL_Transmit                         0x08001fc7   Thumb Code    32  usbd_conf.o(i.USBD_LL_Transmit)
    USBD_ParseSetupRequest                   0x08001fe7   Thumb Code    40  usbd_ctlreq.o(i.USBD_ParseSetupRequest)
    USBD_RegisterClass                       0x0800200f   Thumb Code    16  usbd_core.o(i.USBD_RegisterClass)
    USBD_SetClassConfig                      0x0800201f   Thumb Code    22  usbd_core.o(i.USBD_SetClassConfig)
    USBD_Start                               0x080020a9   Thumb Code    10  usbd_core.o(i.USBD_Start)
    USBD_StdDevReq                           0x080020b3   Thumb Code   242  usbd_ctlreq.o(i.USBD_StdDevReq)
    USBD_StdEPReq                            0x080021a5   Thumb Code   220  usbd_ctlreq.o(i.USBD_StdEPReq)
    USBD_StdItfReq                           0x08002281   Thumb Code    52  usbd_ctlreq.o(i.USBD_StdItfReq)
    USB_ActivateEndpoint                     0x080022b5   Thumb Code   122  stm32f4xx_ll_usb.o(i.USB_ActivateEndpoint)
    USB_ActivateSetup                        0x08002335   Thumb Code    52  stm32f4xx_ll_usb.o(i.USB_ActivateSetup)
    USB_CoreInit                             0x08002369   Thumb Code   104  stm32f4xx_ll_usb.o(i.USB_CoreInit)
    USB_DeactivateEndpoint                   0x08002409   Thumb Code   194  stm32f4xx_ll_usb.o(i.USB_DeactivateEndpoint)
    USB_DevConnect                           0x080024d1   Thumb Code    24  stm32f4xx_ll_usb.o(i.USB_DevConnect)
    USB_DevDisconnect                        0x080024e9   Thumb Code    24  stm32f4xx_ll_usb.o(i.USB_DevDisconnect)
    USB_DevInit                              0x08002501   Thumb Code   304  stm32f4xx_ll_usb.o(i.USB_DevInit)
    USB_DisableGlobalInt                     0x08002641   Thumb Code    12  stm32f4xx_ll_usb.o(i.USB_DisableGlobalInt)
    USB_EP0StartXfer                         0x0800264d   Thumb Code   314  stm32f4xx_ll_usb.o(i.USB_EP0StartXfer)
    USB_EP0_OutStart                         0x0800278d   Thumb Code    62  stm32f4xx_ll_usb.o(i.USB_EP0_OutStart)
    USB_EPClearStall                         0x080027cb   Thumb Code   100  stm32f4xx_ll_usb.o(i.USB_EPClearStall)
    USB_EPSetStall                           0x0800282f   Thumb Code    94  stm32f4xx_ll_usb.o(i.USB_EPSetStall)
    USB_EPStartXfer                          0x0800288d   Thumb Code   534  stm32f4xx_ll_usb.o(i.USB_EPStartXfer)
    USB_EnableGlobalInt                      0x08002aa9   Thumb Code    12  stm32f4xx_ll_usb.o(i.USB_EnableGlobalInt)
    USB_FlushRxFifo                          0x08002ab5   Thumb Code    28  stm32f4xx_ll_usb.o(i.USB_FlushRxFifo)
    USB_FlushTxFifo                          0x08002ad5   Thumb Code    32  stm32f4xx_ll_usb.o(i.USB_FlushTxFifo)
    USB_GetDevSpeed                          0x08002af9   Thumb Code    60  stm32f4xx_ll_usb.o(i.USB_GetDevSpeed)
    USB_GetMode                              0x08002b35   Thumb Code     8  stm32f4xx_ll_usb.o(i.USB_GetMode)
    USB_ReadDevAllInEpInterrupt              0x08002b3d   Thumb Code    14  stm32f4xx_ll_usb.o(i.USB_ReadDevAllInEpInterrupt)
    USB_ReadDevAllOutEpInterrupt             0x08002b4b   Thumb Code    14  stm32f4xx_ll_usb.o(i.USB_ReadDevAllOutEpInterrupt)
    USB_ReadDevInEPInterrupt                 0x08002b59   Thumb Code    30  stm32f4xx_ll_usb.o(i.USB_ReadDevInEPInterrupt)
    USB_ReadDevOutEPInterrupt                0x08002b77   Thumb Code    16  stm32f4xx_ll_usb.o(i.USB_ReadDevOutEPInterrupt)
    USB_ReadInterrupts                       0x08002b87   Thumb Code     8  stm32f4xx_ll_usb.o(i.USB_ReadInterrupts)
    USB_ReadPacket                           0x08002b8f   Thumb Code    32  stm32f4xx_ll_usb.o(i.USB_ReadPacket)
    USB_SetCurrentMode                       0x08002baf   Thumb Code    44  stm32f4xx_ll_usb.o(i.USB_SetCurrentMode)
    USB_SetDevAddress                        0x08002bdb   Thumb Code    34  stm32f4xx_ll_usb.o(i.USB_SetDevAddress)
    USB_WritePacket                          0x08002bfd   Thumb Code    38  stm32f4xx_ll_usb.o(i.USB_WritePacket)
    UsageFault_Handler                       0x08002c23   Thumb Code     2  stm32f4xx_it.o(i.UsageFault_Handler)
    _Error_Handler                           0x08002c25   Thumb Code     2  main.o(i._Error_Handler)
    __0sprintf$1                             0x08002c29   Thumb Code    34  printf1.o(i.__0sprintf$1)
    __1sprintf$1                             0x08002c29   Thumb Code     0  printf1.o(i.__0sprintf$1)
    __2sprintf                               0x08002c29   Thumb Code     0  printf1.o(i.__0sprintf$1)
    __scatterload_copy                       0x08002c51   Thumb Code    14  handlers.o(i.__scatterload_copy)
    __scatterload_null                       0x08002c5f   Thumb Code     2  handlers.o(i.__scatterload_null)
    __scatterload_zeroinit                   0x08002c61   Thumb Code    14  handlers.o(i.__scatterload_zeroinit)
    free                                     0x08002dd1   Thumb Code    76  malloc.o(i.free)
    main                                     0x08002e21   Thumb Code   302  main.o(i.main)
    malloc                                   0x08002f79   Thumb Code    92  malloc.o(i.malloc)
    Region$$Table$$Base                      0x08002fec   Number         0  anon$$obj.o(Region$$Table)
    Region$$Table$$Limit                     0x0800300c   Number         0  anon$$obj.o(Region$$Table)
    uwTickFreq                               0x20000000   Data           1  stm32f4xx_hal.o(.data)
    uwTickPrio                               0x20000004   Data           4  stm32f4xx_hal.o(.data)
    uwTick                                   0x20000008   Data           4  stm32f4xx_hal.o(.data)
    uhADCxConvertedData                      0x2000000c   Data           2  main.o(.data)
    uhADCxConvertedDataAverage               0x2000000e   Data           2  main.o(.data)
    sysTickFlag                              0x20000010   Data           2  main.o(.data)
    msCount                                  0x20000012   Data           2  main.o(.data)
    ADCxCodeSum                              0x20000014   Data           4  main.o(.data)
    FS_Desc                                  0x20000018   Data          28  usbd_desc.o(.data)
    USBD_LangIDDesc                          0x20000034   Data           4  usbd_desc.o(.data)
    USBD_FS_DeviceDesc                       0x20000038   Data          18  usbd_desc.o(.data)
    USBD_Interface_fops_FS                   0x2000004c   Data          16  usbd_cdc_if.o(.data)
    SystemCoreClock                          0x2000005c   Data           4  system_stm32f4xx.o(.data)
    USBD_CDC_CfgHSDesc                       0x20000070   Data          67  usbd_cdc.o(.data)
    USBD_CDC_CfgFSDesc                       0x200000b4   Data          67  usbd_cdc.o(.data)
    USBD_CDC_OtherSpeedCfgDesc               0x200000f8   Data          67  usbd_cdc.o(.data)
    USBD_CDC                                 0x2000013c   Data          56  usbd_cdc.o(.data)
    __microlib_freelist                      0x20000178   Data           4  mvars.o(.data)
    __microlib_freelist_initialised          0x2000017c   Data           4  mvars.o(.data)
    ADCxCodeBuffer                           0x20000180   Data        2000  main.o(.bss)
    hpcd_USB_OTG_FS                          0x20000950   Data        1008  usbd_conf.o(.bss)
    USBD_StrDesc                             0x20000d40   Data         512  usbd_desc.o(.bss)
    UserRxBufferFS                           0x20000f40   Data        2048  usbd_cdc_if.o(.bss)
    UserTxBufferFS                           0x20001740   Data        2048  usbd_cdc_if.o(.bss)
    hUsbDeviceFS                             0x20001f40   Data         548  usb_device.o(.bss)
    __heap_base                              0x20002168   Data           0  startup_stm32f407xx.o(HEAP)
    __heap_limit                             0x20002968   Data           0  startup_stm32f407xx.o(HEAP)
    __initial_sp                             0x20003168   Data           0  startup_stm32f407xx.o(STACK)



==============================================================================

Memory Map of the image

  Image Entry point : 0x08000189

  Load Region LR_IROM1 (Base: 0x08000000, Size: 0x0000318c, Max: 0x00100000, ABSOLUTE, COMPRESSED[0x000030cc])

    Execution Region ER_IROM1 (Exec base: 0x08000000, Load base: 0x08000000, Size: 0x0000300c, Max: 0x00100000, ABSOLUTE)

    Exec Addr    Load Addr    Size         Type   Attr      Idx    E Section Name        Object

    0x08000000   0x08000000   0x00000188   Data   RO            3    RESET               startup_stm32f407xx.o
    0x08000188   0x08000188   0x00000000   Code   RO         3201  * .ARM.Collect$$$$00000000  mc_w.l(entry.o)
    0x08000188   0x08000188   0x00000004   Code   RO         3499    .ARM.Collect$$$$00000001  mc_w.l(entry2.o)
    0x0800018c   0x0800018c   0x00000004   Code   RO         3502    .ARM.Collect$$$$00000004  mc_w.l(entry5.o)
    0x08000190   0x08000190   0x00000000   Code   RO         3504    .ARM.Collect$$$$00000008  mc_w.l(entry7b.o)
    0x08000190   0x08000190   0x00000000   Code   RO         3506    .ARM.Collect$$$$0000000A  mc_w.l(entry8b.o)
    0x08000190   0x08000190   0x00000008   Code   RO         3507    .ARM.Collect$$$$0000000B  mc_w.l(entry9a.o)
    0x08000198   0x08000198   0x00000000   Code   RO         3509    .ARM.Collect$$$$0000000D  mc_w.l(entry10a.o)
    0x08000198   0x08000198   0x00000000   Code   RO         3511    .ARM.Collect$$$$0000000F  mc_w.l(entry11a.o)
    0x08000198   0x08000198   0x00000004   Code   RO         3500    .ARM.Collect$$$$00002712  mc_w.l(entry2.o)
    0x0800019c   0x0800019c   0x00000024   Code   RO            4    .text               startup_stm32f407xx.o
    0x080001c0   0x080001c0   0x00000024   Code   RO         3206    .text               mc_w.l(memcpya.o)
    0x080001e4   0x080001e4   0x0000002c   Code   RO         3516    .text               mc_w.l(uidiv.o)
    0x08000210   0x08000210   0x00000024   Code   RO         3535    .text               mc_w.l(init.o)
    0x08000234   0x08000234   0x00000056   Code   RO         3551    .text               mc_w.l(__dczerorl2.o)
    0x0800028a   0x0800028a   0x00000002   PAD
    0x0800028c   0x0800028c   0x00000074   Code   RO         2289    i.Activate_ADC      main.o
    0x08000300   0x08000300   0x00000010   Code   RO         2290    i.Activate_DAC      main.o
    0x08000310   0x08000310   0x00000002   Code   RO         2201    i.BusFault_Handler  stm32f4xx_it.o
    0x08000312   0x08000312   0x00000004   Code   RO         2711    i.CDC_Control_FS    usbd_cdc_if.o
    0x08000316   0x08000316   0x00000004   Code   RO         2712    i.CDC_DeInit_FS     usbd_cdc_if.o
    0x0800031a   0x0800031a   0x00000002   PAD
    0x0800031c   0x0800031c   0x00000024   Code   RO         2713    i.CDC_Init_FS       usbd_cdc_if.o
    0x08000340   0x08000340   0x00000018   Code   RO         2714    i.CDC_Receive_FS    usbd_cdc_if.o
    0x08000358   0x08000358   0x0000002c   Code   RO         2715    i.CDC_Transmit_FS   usbd_cdc_if.o
    0x08000384   0x08000384   0x00000010   Code   RO         2291    i.ConversionStart_ADC  main.o
    0x08000394   0x08000394   0x00000002   Code   RO         2202    i.DMA2_Stream0_IRQHandler  stm32f4xx_it.o
    0x08000396   0x08000396   0x00000002   Code   RO         2203    i.DebugMon_Handler  stm32f4xx_it.o
    0x08000398   0x08000398   0x00000024   Code   RO          617    i.HAL_Delay         stm32f4xx_hal.o
    0x080003bc   0x080003bc   0x000001c0   Code   RO          902    i.HAL_GPIO_Init     stm32f4xx_hal_gpio.o
    0x0800057c   0x0800057c   0x0000000c   Code   RO          623    i.HAL_GetTick       stm32f4xx_hal.o
    0x08000588   0x08000588   0x00000010   Code   RO          627    i.HAL_IncTick       stm32f4xx_hal.o
    0x08000598   0x08000598   0x00000034   Code   RO          628    i.HAL_Init          stm32f4xx_hal.o
    0x080005cc   0x080005cc   0x00000040   Code   RO          629    i.HAL_InitTick      stm32f4xx_hal.o
    0x0800060c   0x0800060c   0x00000058   Code   RO         2619    i.HAL_MspInit       stm32f4xx_hal_msp.o
    0x08000664   0x08000664   0x00000016   Code   RO         1472    i.HAL_NVIC_EnableIRQ  stm32f4xx_hal_cortex.o
    0x0800067a   0x0800067a   0x00000002   PAD
    0x0800067c   0x0800067c   0x00000040   Code   RO         1478    i.HAL_NVIC_SetPriority  stm32f4xx_hal_cortex.o
    0x080006bc   0x080006bc   0x00000024   Code   RO         1479    i.HAL_NVIC_SetPriorityGrouping  stm32f4xx_hal_cortex.o
    0x080006e0   0x080006e0   0x00000008   Code   RO         2057    i.HAL_PCDEx_SetRxFiFo  stm32f4xx_hal_pcd_ex.o
    0x080006e8   0x080006e8   0x00000044   Code   RO         2058    i.HAL_PCDEx_SetTxFiFo  stm32f4xx_hal_pcd_ex.o
    0x0800072c   0x0800072c   0x00000008   Code   RO         2430    i.HAL_PCD_ConnectCallback  usbd_conf.o
    0x08000734   0x08000734   0x00000012   Code   RO         2431    i.HAL_PCD_DataInStageCallback  usbd_conf.o
    0x08000746   0x08000746   0x00000014   Code   RO         2432    i.HAL_PCD_DataOutStageCallback  usbd_conf.o
    0x0800075a   0x0800075a   0x00000008   Code   RO         2433    i.HAL_PCD_DisconnectCallback  usbd_conf.o
    0x08000762   0x08000762   0x00000044   Code   RO         1629    i.HAL_PCD_EP_Close  stm32f4xx_hal_pcd.o
    0x080007a6   0x080007a6   0x00000050   Code   RO         1630    i.HAL_PCD_EP_ClrStall  stm32f4xx_hal_pcd.o
    0x080007f6   0x080007f6   0x00000014   Code   RO         1632    i.HAL_PCD_EP_GetRxCount  stm32f4xx_hal_pcd.o
    0x0800080a   0x0800080a   0x00000054   Code   RO         1633    i.HAL_PCD_EP_Open   stm32f4xx_hal_pcd.o
    0x0800085e   0x0800085e   0x00000048   Code   RO         1634    i.HAL_PCD_EP_Receive  stm32f4xx_hal_pcd.o
    0x080008a6   0x080008a6   0x00000060   Code   RO         1635    i.HAL_PCD_EP_SetStall  stm32f4xx_hal_pcd.o
    0x08000906   0x08000906   0x00000040   Code   RO         1636    i.HAL_PCD_EP_Transmit  stm32f4xx_hal_pcd.o
    0x08000946   0x08000946   0x00000002   PAD
    0x08000948   0x08000948   0x000004e8   Code   RO         1638    i.HAL_PCD_IRQHandler  stm32f4xx_hal_pcd.o
    0x08000e30   0x08000e30   0x00000008   Code   RO         2434    i.HAL_PCD_ISOINIncompleteCallback  usbd_conf.o
    0x08000e38   0x08000e38   0x00000008   Code   RO         2435    i.HAL_PCD_ISOOUTIncompleteCallback  usbd_conf.o
    0x08000e40   0x08000e40   0x000000bc   Code   RO         1641    i.HAL_PCD_Init      stm32f4xx_hal_pcd.o
    0x08000efc   0x08000efc   0x00000064   Code   RO         2437    i.HAL_PCD_MspInit   usbd_conf.o
    0x08000f60   0x08000f60   0x00000020   Code   RO         2438    i.HAL_PCD_ResetCallback  usbd_conf.o
    0x08000f80   0x08000f80   0x00000008   Code   RO         2439    i.HAL_PCD_ResumeCallback  usbd_conf.o
    0x08000f88   0x08000f88   0x00000008   Code   RO         2440    i.HAL_PCD_SOFCallback  usbd_conf.o
    0x08000f90   0x08000f90   0x00000024   Code   RO         1647    i.HAL_PCD_SetAddress  stm32f4xx_hal_pcd.o
    0x08000fb4   0x08000fb4   0x0000000e   Code   RO         2441    i.HAL_PCD_SetupStageCallback  usbd_conf.o
    0x08000fc2   0x08000fc2   0x0000002a   Code   RO         1649    i.HAL_PCD_Start     stm32f4xx_hal_pcd.o
    0x08000fec   0x08000fec   0x00000030   Code   RO         2442    i.HAL_PCD_SuspendCallback  usbd_conf.o
    0x0800101c   0x0800101c   0x0000000c   Code   RO         1961    i.HAL_RCC_GetHCLKFreq  stm32f4xx_hal_rcc.o
    0x08001028   0x08001028   0x00000010   Code   RO         2292    i.HAL_SYSTICK_Callback  main.o
    0x08001038   0x08001038   0x00000028   Code   RO         1483    i.HAL_SYSTICK_Config  stm32f4xx_hal_cortex.o
    0x08001060   0x08001060   0x00000008   Code   RO         1484    i.HAL_SYSTICK_IRQHandler  stm32f4xx_hal_cortex.o
    0x08001068   0x08001068   0x00000002   Code   RO         2204    i.HardFault_Handler  stm32f4xx_it.o
    0x0800106a   0x0800106a   0x00000002   PAD
    0x0800106c   0x0800106c   0x00000060   Code   RO          314    i.LL_ADC_CommonInit  stm32f4xx_ll_adc.o
    0x080010cc   0x080010cc   0x00000034   Code   RO          319    i.LL_ADC_Init       stm32f4xx_ll_adc.o
    0x08001100   0x08001100   0x00000058   Code   RO          320    i.LL_ADC_REG_Init   stm32f4xx_ll_adc.o
    0x08001158   0x08001158   0x00000018   Code   RO         2293    i.LL_AHB1_GRP1_EnableClock  main.o
    0x08001170   0x08001170   0x00000050   Code   RO          551    i.LL_DAC_Init       stm32f4xx_ll_dac.o
    0x080011c0   0x080011c0   0x0000011a   Code   RO          504    i.LL_GPIO_Init      stm32f4xx_ll_gpio.o
    0x080012da   0x080012da   0x0000001a   Code   RO          176    i.LL_Init1msTick    stm32f4xx_ll_utils.o
    0x080012f4   0x080012f4   0x0000000c   Code   RO          180    i.LL_SetSystemCoreClock  stm32f4xx_ll_utils.o
    0x08001300   0x08001300   0x00000164   Code   RO         2294    i.MX_ADC1_Init      main.o
    0x08001464   0x08001464   0x00000038   Code   RO         2763    i.MX_USB_DEVICE_Init  usb_device.o
    0x0800149c   0x0800149c   0x00000002   Code   RO         2205    i.MemManage_Handler  stm32f4xx_it.o
    0x0800149e   0x0800149e   0x00000002   Code   RO         2206    i.NMI_Handler       stm32f4xx_it.o
    0x080014a0   0x080014a0   0x00000032   Code   RO         2295    i.NVIC_EncodePriority  main.o
    0x080014d2   0x080014d2   0x00000020   Code   RO         1485    i.NVIC_SetPriority  stm32f4xx_hal_cortex.o
    0x080014f2   0x080014f2   0x00000020   Code   RO         2296    i.NVIC_SetPriority  main.o
    0x08001512   0x08001512   0x00000002   PAD
    0x08001514   0x08001514   0x0000000c   Code   RO         2207    i.OTG_FS_IRQHandler  stm32f4xx_it.o
    0x08001520   0x08001520   0x00000086   Code   RO         1652    i.PCD_WriteEmptyTxFifo  stm32f4xx_hal_pcd.o
    0x080015a6   0x080015a6   0x00000002   Code   RO         2208    i.PendSV_Handler    stm32f4xx_it.o
    0x080015a8   0x080015a8   0x00000002   Code   RO         2209    i.SVC_Handler       stm32f4xx_it.o
    0x080015aa   0x080015aa   0x0000000e   Code   RO         2210    i.SysTick_Handler   stm32f4xx_it.o
    0x080015b8   0x080015b8   0x00000108   Code   RO         2297    i.SystemClock_Config  main.o
    0x080016c0   0x080016c0   0x00000054   Code   RO         2798    i.SystemInit        system_stm32f4xx.o
    0x08001714   0x08001714   0x00000014   Code   RO         2835    i.USBD_CDC_DataIn   usbd_cdc.o
    0x08001728   0x08001728   0x0000002e   Code   RO         2836    i.USBD_CDC_DataOut  usbd_cdc.o
    0x08001756   0x08001756   0x0000003c   Code   RO         2837    i.USBD_CDC_DeInit   usbd_cdc.o
    0x08001792   0x08001792   0x00000024   Code   RO         2838    i.USBD_CDC_EP0_RxReady  usbd_cdc.o
    0x080017b6   0x080017b6   0x00000002   PAD
    0x080017b8   0x080017b8   0x0000000c   Code   RO         2839    i.USBD_CDC_GetDeviceQualifierDescriptor  usbd_cdc.o
    0x080017c4   0x080017c4   0x0000000c   Code   RO         2840    i.USBD_CDC_GetFSCfgDesc  usbd_cdc.o
    0x080017d0   0x080017d0   0x0000000c   Code   RO         2841    i.USBD_CDC_GetHSCfgDesc  usbd_cdc.o
    0x080017dc   0x080017dc   0x0000000c   Code   RO         2842    i.USBD_CDC_GetOtherSpeedCfgDesc  usbd_cdc.o
    0x080017e8   0x080017e8   0x00000088   Code   RO         2843    i.USBD_CDC_Init     usbd_cdc.o
    0x08001870   0x08001870   0x00000028   Code   RO         2844    i.USBD_CDC_ReceivePacket  usbd_cdc.o
    0x08001898   0x08001898   0x00000010   Code   RO         2845    i.USBD_CDC_RegisterInterface  usbd_cdc.o
    0x080018a8   0x080018a8   0x0000000c   Code   RO         2846    i.USBD_CDC_SetRxBuffer  usbd_cdc.o
    0x080018b4   0x080018b4   0x00000010   Code   RO         2847    i.USBD_CDC_SetTxBuffer  usbd_cdc.o
    0x080018c4   0x080018c4   0x00000070   Code   RO         2848    i.USBD_CDC_Setup    usbd_cdc.o
    0x08001934   0x08001934   0x00000030   Code   RO         2849    i.USBD_CDC_TransmitPacket  usbd_cdc.o
    0x08001964   0x08001964   0x0000000e   Code   RO         3006    i.USBD_ClrClassConfig  usbd_core.o
    0x08001972   0x08001972   0x00000010   Code   RO         3144    i.USBD_CtlContinueRx  usbd_ioreq.o
    0x08001982   0x08001982   0x00000010   Code   RO         3145    i.USBD_CtlContinueSendData  usbd_ioreq.o
    0x08001992   0x08001992   0x00000016   Code   RO         2941    i.USBD_CtlError     usbd_ctlreq.o
    0x080019a8   0x080019a8   0x0000001e   Code   RO         3146    i.USBD_CtlPrepareRx  usbd_ioreq.o
    0x080019c6   0x080019c6   0x00000016   Code   RO         3147    i.USBD_CtlReceiveStatus  usbd_ioreq.o
    0x080019dc   0x080019dc   0x0000001a   Code   RO         3148    i.USBD_CtlSendData  usbd_ioreq.o
    0x080019f6   0x080019f6   0x00000016   Code   RO         3149    i.USBD_CtlSendStatus  usbd_ioreq.o
    0x08001a0c   0x08001a0c   0x00000020   Code   RO         2643    i.USBD_FS_ConfigStrDescriptor  usbd_desc.o
    0x08001a2c   0x08001a2c   0x0000000c   Code   RO         2644    i.USBD_FS_DeviceDescriptor  usbd_desc.o
    0x08001a38   0x08001a38   0x00000024   Code   RO         2645    i.USBD_FS_InterfaceStrDescriptor  usbd_desc.o
    0x08001a5c   0x08001a5c   0x0000000c   Code   RO         2646    i.USBD_FS_LangIDStrDescriptor  usbd_desc.o
    0x08001a68   0x08001a68   0x00000028   Code   RO         2647    i.USBD_FS_ManufacturerStrDescriptor  usbd_desc.o
    0x08001a90   0x08001a90   0x0000002c   Code   RO         2648    i.USBD_FS_ProductStrDescriptor  usbd_desc.o
    0x08001abc   0x08001abc   0x00000024   Code   RO         2649    i.USBD_FS_SerialStrDescriptor  usbd_desc.o
    0x08001ae0   0x08001ae0   0x000000e0   Code   RO         2942    i.USBD_GetDescriptor  usbd_ctlreq.o
    0x08001bc0   0x08001bc0   0x00000046   Code   RO         2943    i.USBD_GetString    usbd_ctlreq.o
    0x08001c06   0x08001c06   0x0000002a   Code   RO         3008    i.USBD_Init         usbd_core.o
    0x08001c30   0x08001c30   0x00000020   Code   RO         2443    i.USBD_LL_ClearStallEP  usbd_conf.o
    0x08001c50   0x08001c50   0x00000020   Code   RO         2444    i.USBD_LL_CloseEP   usbd_conf.o
    0x08001c70   0x08001c70   0x000000aa   Code   RO         3009    i.USBD_LL_DataInStage  usbd_core.o
    0x08001d1a   0x08001d1a   0x0000006a   Code   RO         3010    i.USBD_LL_DataOutStage  usbd_core.o
    0x08001d84   0x08001d84   0x00000004   Code   RO         3011    i.USBD_LL_DevConnected  usbd_core.o
    0x08001d88   0x08001d88   0x00000016   Code   RO         3012    i.USBD_LL_DevDisconnected  usbd_core.o
    0x08001d9e   0x08001d9e   0x00000008   Code   RO         2448    i.USBD_LL_GetRxDataSize  usbd_conf.o
    0x08001da6   0x08001da6   0x00000002   PAD
    0x08001da8   0x08001da8   0x0000007c   Code   RO         2449    i.USBD_LL_Init      usbd_conf.o
    0x08001e24   0x08001e24   0x00000020   Code   RO         2450    i.USBD_LL_IsStallEP  usbd_conf.o
    0x08001e44   0x08001e44   0x00000004   Code   RO         3013    i.USBD_LL_IsoINIncomplete  usbd_core.o
    0x08001e48   0x08001e48   0x00000004   Code   RO         3014    i.USBD_LL_IsoOUTIncomplete  usbd_core.o
    0x08001e4c   0x08001e4c   0x00000026   Code   RO         2451    i.USBD_LL_OpenEP    usbd_conf.o
    0x08001e72   0x08001e72   0x00000020   Code   RO         2452    i.USBD_LL_PrepareReceive  usbd_conf.o
    0x08001e92   0x08001e92   0x0000003e   Code   RO         3015    i.USBD_LL_Reset     usbd_core.o
    0x08001ed0   0x08001ed0   0x0000000c   Code   RO         3016    i.USBD_LL_Resume    usbd_core.o
    0x08001edc   0x08001edc   0x00000018   Code   RO         3017    i.USBD_LL_SOF       usbd_core.o
    0x08001ef4   0x08001ef4   0x00000006   Code   RO         3018    i.USBD_LL_SetSpeed  usbd_core.o
    0x08001efa   0x08001efa   0x00000020   Code   RO         2453    i.USBD_LL_SetUSBAddress  usbd_conf.o
    0x08001f1a   0x08001f1a   0x0000005a   Code   RO         3019    i.USBD_LL_SetupStage  usbd_core.o
    0x08001f74   0x08001f74   0x00000020   Code   RO         2454    i.USBD_LL_StallEP   usbd_conf.o
    0x08001f94   0x08001f94   0x00000020   Code   RO         2455    i.USBD_LL_Start     usbd_conf.o
    0x08001fb4   0x08001fb4   0x00000012   Code   RO         3020    i.USBD_LL_Suspend   usbd_core.o
    0x08001fc6   0x08001fc6   0x00000020   Code   RO         2457    i.USBD_LL_Transmit  usbd_conf.o
    0x08001fe6   0x08001fe6   0x00000028   Code   RO         2944    i.USBD_ParseSetupRequest  usbd_ctlreq.o
    0x0800200e   0x0800200e   0x00000010   Code   RO         3021    i.USBD_RegisterClass  usbd_core.o
    0x0800201e   0x0800201e   0x00000016   Code   RO         3023    i.USBD_SetClassConfig  usbd_core.o
    0x08002034   0x08002034   0x00000074   Code   RO         2945    i.USBD_SetConfig    usbd_ctlreq.o
    0x080020a8   0x080020a8   0x0000000a   Code   RO         3024    i.USBD_Start        usbd_core.o
    0x080020b2   0x080020b2   0x000000f2   Code   RO         2946    i.USBD_StdDevReq    usbd_ctlreq.o
    0x080021a4   0x080021a4   0x000000dc   Code   RO         2947    i.USBD_StdEPReq     usbd_ctlreq.o
    0x08002280   0x08002280   0x00000034   Code   RO         2948    i.USBD_StdItfReq    usbd_ctlreq.o
    0x080022b4   0x080022b4   0x00000080   Code   RO          966    i.USB_ActivateEndpoint  stm32f4xx_ll_usb.o
    0x08002334   0x08002334   0x00000034   Code   RO          967    i.USB_ActivateSetup  stm32f4xx_ll_usb.o
    0x08002368   0x08002368   0x0000006c   Code   RO          969    i.USB_CoreInit      stm32f4xx_ll_usb.o
    0x080023d4   0x080023d4   0x00000034   Code   RO          970    i.USB_CoreReset     stm32f4xx_ll_usb.o
    0x08002408   0x08002408   0x000000c8   Code   RO          972    i.USB_DeactivateEndpoint  stm32f4xx_ll_usb.o
    0x080024d0   0x080024d0   0x00000018   Code   RO          973    i.USB_DevConnect    stm32f4xx_ll_usb.o
    0x080024e8   0x080024e8   0x00000018   Code   RO          974    i.USB_DevDisconnect  stm32f4xx_ll_usb.o
    0x08002500   0x08002500   0x00000140   Code   RO          975    i.USB_DevInit       stm32f4xx_ll_usb.o
    0x08002640   0x08002640   0x0000000c   Code   RO          976    i.USB_DisableGlobalInt  stm32f4xx_ll_usb.o
    0x0800264c   0x0800264c   0x00000140   Code   RO          979    i.USB_EP0StartXfer  stm32f4xx_ll_usb.o
    0x0800278c   0x0800278c   0x0000003e   Code   RO          980    i.USB_EP0_OutStart  stm32f4xx_ll_usb.o
    0x080027ca   0x080027ca   0x00000064   Code   RO          981    i.USB_EPClearStall  stm32f4xx_ll_usb.o
    0x0800282e   0x0800282e   0x0000005e   Code   RO          982    i.USB_EPSetStall    stm32f4xx_ll_usb.o
    0x0800288c   0x0800288c   0x0000021c   Code   RO          983    i.USB_EPStartXfer   stm32f4xx_ll_usb.o
    0x08002aa8   0x08002aa8   0x0000000c   Code   RO          984    i.USB_EnableGlobalInt  stm32f4xx_ll_usb.o
    0x08002ab4   0x08002ab4   0x00000020   Code   RO          985    i.USB_FlushRxFifo   stm32f4xx_ll_usb.o
    0x08002ad4   0x08002ad4   0x00000024   Code   RO          986    i.USB_FlushTxFifo   stm32f4xx_ll_usb.o
    0x08002af8   0x08002af8   0x0000003c   Code   RO          988    i.USB_GetDevSpeed   stm32f4xx_ll_usb.o
    0x08002b34   0x08002b34   0x00000008   Code   RO          990    i.USB_GetMode       stm32f4xx_ll_usb.o
    0x08002b3c   0x08002b3c   0x0000000e   Code   RO          997    i.USB_ReadDevAllInEpInterrupt  stm32f4xx_ll_usb.o
    0x08002b4a   0x08002b4a   0x0000000e   Code   RO          998    i.USB_ReadDevAllOutEpInterrupt  stm32f4xx_ll_usb.o
    0x08002b58   0x08002b58   0x0000001e   Code   RO          999    i.USB_ReadDevInEPInterrupt  stm32f4xx_ll_usb.o
    0x08002b76   0x08002b76   0x00000010   Code   RO         1000    i.USB_ReadDevOutEPInterrupt  stm32f4xx_ll_usb.o
    0x08002b86   0x08002b86   0x00000008   Code   RO         1001    i.USB_ReadInterrupts  stm32f4xx_ll_usb.o
    0x08002b8e   0x08002b8e   0x00000020   Code   RO         1002    i.USB_ReadPacket    stm32f4xx_ll_usb.o
    0x08002bae   0x08002bae   0x0000002c   Code   RO         1004    i.USB_SetCurrentMode  stm32f4xx_ll_usb.o
    0x08002bda   0x08002bda   0x00000022   Code   RO         1005    i.USB_SetDevAddress  stm32f4xx_ll_usb.o
    0x08002bfc   0x08002bfc   0x00000026   Code   RO         1009    i.USB_WritePacket   stm32f4xx_ll_usb.o
    0x08002c22   0x08002c22   0x00000002   Code   RO         2211    i.UsageFault_Handler  stm32f4xx_it.o
    0x08002c24   0x08002c24   0x00000002   Code   RO         2298    i._Error_Handler    main.o
    0x08002c26   0x08002c26   0x00000002   PAD
    0x08002c28   0x08002c28   0x00000028   Code   RO         3257    i.__0sprintf$1      mc_w.l(printf1.o)
    0x08002c50   0x08002c50   0x0000000e   Code   RO         3545    i.__scatterload_copy  mc_w.l(handlers.o)
    0x08002c5e   0x08002c5e   0x00000002   Code   RO         3546    i.__scatterload_null  mc_w.l(handlers.o)
    0x08002c60   0x08002c60   0x0000000e   Code   RO         3547    i.__scatterload_zeroinit  mc_w.l(handlers.o)
    0x08002c6e   0x08002c6e   0x00000002   PAD
    0x08002c70   0x08002c70   0x00000154   Code   RO         3262    i._printf_core      mc_w.l(printf1.o)
    0x08002dc4   0x08002dc4   0x0000000a   Code   RO         3264    i._sputc            mc_w.l(printf1.o)
    0x08002dce   0x08002dce   0x00000002   PAD
    0x08002dd0   0x08002dd0   0x00000050   Code   RO         3471    i.free              mc_w.l(malloc.o)
    0x08002e20   0x08002e20   0x00000158   Code   RO         2299    i.main              main.o
    0x08002f78   0x08002f78   0x0000006c   Code   RO         3472    i.malloc            mc_w.l(malloc.o)
    0x08002fe4   0x08002fe4   0x00000008   Data   RO         2301    .constdata          main.o
    0x08002fec   0x08002fec   0x00000020   Data   RO         3543    Region$$Table       anon$$obj.o


    Execution Region RW_IRAM1 (Exec base: 0x20000000, Load base: 0x0800300c, Size: 0x00003168, Max: 0x00020000, ABSOLUTE, COMPRESSED[0x000000c0])

    Exec Addr    Load Addr    Size         Type   Attr      Idx    E Section Name        Object

    0x20000000   COMPRESSED   0x0000000c   Data   RW          635    .data               stm32f4xx_hal.o
    0x2000000c   COMPRESSED   0x0000000c   Data   RW         2302    .data               main.o
    0x20000018   COMPRESSED   0x0000001c   Data   RW         2651    .data               usbd_desc.o
    0x20000034   COMPRESSED   0x00000016   Data   RW         2652    .data               usbd_desc.o
    0x2000004a   COMPRESSED   0x00000002   PAD
    0x2000004c   COMPRESSED   0x00000010   Data   RW         2717    .data               usbd_cdc_if.o
    0x2000005c   COMPRESSED   0x00000004   Data   RW         2801    .data               system_stm32f4xx.o
    0x20000060   COMPRESSED   0x000000db   Data   RW         2850    .data               usbd_cdc.o
    0x2000013b   COMPRESSED   0x00000001   PAD
    0x2000013c   COMPRESSED   0x00000038   Data   RW         2851    .data               usbd_cdc.o
    0x20000174   COMPRESSED   0x00000001   Data   RW         2949    .data               usbd_ctlreq.o
    0x20000175   COMPRESSED   0x00000003   PAD
    0x20000178   COMPRESSED   0x00000004   Data   RW         3522    .data               mc_w.l(mvars.o)
    0x2000017c   COMPRESSED   0x00000004   Data   RW         3523    .data               mc_w.l(mvars.o)
    0x20000180        -       0x000007d0   Zero   RW         2300    .bss                main.o
    0x20000950        -       0x000003f0   Zero   RW         2458    .bss                usbd_conf.o
    0x20000d40        -       0x00000200   Zero   RW         2650    .bss                usbd_desc.o
    0x20000f40        -       0x00001000   Zero   RW         2716    .bss                usbd_cdc_if.o
    0x20001f40        -       0x00000224   Zero   RW         2764    .bss                usb_device.o
    0x20002164   COMPRESSED   0x00000004   PAD
    0x20002168        -       0x00000800   Zero   RW            2    HEAP                startup_stm32f407xx.o
    0x20002968        -       0x00000800   Zero   RW            1    STACK               startup_stm32f407xx.o


==============================================================================

Image component sizes


      Code (inc. data)   RO Data    RW Data    ZI Data      Debug   Object Name

      1236        150          8         12       2000     142102   main.o
        36          8        392          0       4096        832   startup_stm32f407xx.o
       180         28          0         12          0       4561   stm32f4xx_hal.o
       202         14          0          0          0      30920   stm32f4xx_hal_cortex.o
       448         46          0          0          0       1876   stm32f4xx_hal_gpio.o
        88          0          0          0          0        522   stm32f4xx_hal_msp.o
      2140         72          0          0          0      11461   stm32f4xx_hal_pcd.o
        76          0          0          0          0       1876   stm32f4xx_hal_pcd_ex.o
        12          6          0          0          0       1146   stm32f4xx_hal_rcc.o
        44          6          0          0          0       5036   stm32f4xx_it.o
       236         26          0          0          0      52712   stm32f4xx_ll_adc.o
        80          0          0          0          0      12538   stm32f4xx_ll_dac.o
         0          0          0          0          0     642100   stm32f4xx_ll_exti.o
       282          0          0          0          0       7227   stm32f4xx_ll_gpio.o
      2414         58          0          0          0      20476   stm32f4xx_ll_usb.o
        38          6          0          0          0      14689   stm32f4xx_ll_utils.o
        84         18          0          4          0       1155   system_stm32f4xx.o
        56         18          0          0        548        720   usb_device.o
       590         22          0        275          0      13142   usbd_cdc.o
       112         22          0         16       4096       3384   usbd_cdc_if.o
       706         38          0          0       1008      14430   usbd_conf.o
       626          0          0          0          0      12193   usbd_core.o
       986         30          0          1          0       8052   usbd_ctlreq.o
       212        116          0         50        512       5195   usbd_desc.o
       132          0          0          0          0       4492   usbd_ioreq.o

    ----------------------------------------------------------------------
     11032        684        432        376      12264    1012837   Object Totals
         0          0         32          0          0          0   (incl. Generated)
        16          0          0          6          4          0   (incl. Padding)

    ----------------------------------------------------------------------

      Code (inc. data)   RO Data    RW Data    ZI Data      Debug   Library Member Name

        86          0          0          0          0          0   __dczerorl2.o
         0          0          0          0          0          0   entry.o
         0          0          0          0          0          0   entry10a.o
         0          0          0          0          0          0   entry11a.o
         8          4          0          0          0          0   entry2.o
         4          0          0          0          0          0   entry5.o
         0          0          0          0          0          0   entry7b.o
         0          0          0          0          0          0   entry8b.o
         8          4          0          0          0          0   entry9a.o
        30          0          0          0          0          0   handlers.o
        36          8          0          0          0         68   init.o
       188         20          0          0          0        160   malloc.o
        36          0          0          0          0         68   memcpya.o
         0          0          0          8          0          0   mvars.o
       390         10          0          0          0        252   printf1.o
        44          0          0          0          0         80   uidiv.o

    ----------------------------------------------------------------------
       836         46          0          8          0        628   Library Totals
         6          0          0          0          0          0   (incl. Padding)

    ----------------------------------------------------------------------

      Code (inc. data)   RO Data    RW Data    ZI Data      Debug   Library Name

       830         46          0          8          0        628   mc_w.l

    ----------------------------------------------------------------------
       836         46          0          8          0        628   Library Totals

    ----------------------------------------------------------------------

==============================================================================


      Code (inc. data)   RO Data    RW Data    ZI Data      Debug   

     11868        730        432        384      12264     997389   Grand Totals
     11868        730        432        192      12264     997389   ELF Image Totals (compressed)
     11868        730        432        192          0          0   ROM Totals

==============================================================================

    Total RO  Size (Code + RO Data)                12300 (  12.01kB)
    Total RW  Size (RW Data + ZI Data)             12648 (  12.35kB)
    Total ROM Size (Code + RO Data + RW Data)      12492 (  12.20kB)

==============================================================================

